Archive member included       because of file (symbol)

pkt/sw/se/ppa/obj/asg/ppa3-libs/src.a(intvec.o)
                              (intvec)
pkt/sw/se/ppa/obj/asg/ppa3-libs/src.a(mct_isr.o)
                              pkt/sw/se/ppa/obj/asg/diags_ppa3/src/mct_isr_standalone.o (mct_isr)
pkt/sw/se/ppa/obj/asg/ppa3-libs/src.a(bit.o)
                              pkt/sw/se/ppa/obj/asg/ppa3-libs/src.a(mct_isr.o) (bit_update_counter)
pkt/sw/se/ppa/obj/asg/ppa3-libs/src.a(mct_snapshot_v3.o)
                              pkt/sw/se/ppa/obj/asg/ppa3-libs/src.a(mct_isr.o) (mct_snapshot)
pkt/sw/se/ppa/obj/asg/ppa3-libs/src.a(ppa_interrupt.o)
                              pkt/sw/se/ppa/obj/asg/ppa3-libs/src.a(mct_isr.o) (isr_request_reload)
pkt/sw/se/ppa/obj/asg/ppa3-libs/src.a(mct_state.o)
                              pkt/sw/se/ppa/obj/asg/ppa3-libs/src.a(mct_isr.o) (mct_err_table_dim)
pkt/sw/se/ppa/obj/asg/ppa3-libs/src.a(memory_dump.o)
                              pkt/sw/se/ppa/obj/asg/ppa3-libs/src.a(bit.o) (memory_dump)
pkt/sw/se/ppa/obj/asg/ppa3-libs/src.a(public_data.o)
                              pkt/sw/se/ppa/obj/asg/ppa3-libs/src.a(mct_snapshot_v3.o) (sr_hw_isr)
pkt/sw/se/ppa/obj/asg/ppa3-libs/src.a(xcb_isr.o)
                              pkt/sw/se/ppa/obj/asg/ppa3-libs/src.a(ppa_interrupt.o) (dcb_illegal_memop_handler)
pkt/sw/se/ppa/obj/asg/ppa3-libs/src.a(scl_isr.o)
                              pkt/sw/se/ppa/obj/asg/ppa3-libs/src.a(ppa_interrupt.o) (scl_dma_done_handler)
pkt/sw/se/ppa/obj/asg/ppa3-libs/src.a(red_isr.o)
                              pkt/sw/se/ppa/obj/asg/ppa3-libs/src.a(ppa_interrupt.o) (wred_err_handler)
pkt/sw/se/ppa/obj/asg/ppa3-libs/src.a(roc_isr.o)
                              pkt/sw/se/ppa/obj/asg/ppa3-libs/src.a(ppa_interrupt.o) (roc_err_handler)
pkt/sw/se/ppa/obj/asg/ppa3-libs/src.a(fmg_isr.o)
                              pkt/sw/se/ppa/obj/asg/ppa3-libs/src.a(ppa_interrupt.o) (fmg_err_handler)
pkt/sw/se/ppa/obj/asg/ppa3-libs/src.a(lin_isr_v3.o)
                              pkt/sw/se/ppa/obj/asg/ppa3-libs/src.a(ppa_interrupt.o) (lin_err_handler)
pkt/sw/se/ppa/obj/asg/ppa3-libs/src.a(qus_isr.o)
                              pkt/sw/se/ppa/obj/asg/ppa3-libs/src.a(ppa_interrupt.o) (qus_err_handler)
pkt/sw/se/ppa/obj/asg/ppa3-libs/src.a(nse_isr_v3.o)
                              pkt/sw/se/ppa/obj/asg/ppa3-libs/src.a(ppa_interrupt.o) (nse_err_handler)
pkt/sw/se/ppa/obj/asg/ppa3-libs/src.a(qdr_isr_v3.o)
                              pkt/sw/se/ppa/obj/asg/ppa3-libs/src.a(ppa_interrupt.o) (qdr_err_handler)
pkt/sw/se/ppa/obj/asg/ppa3-libs/src.a(spi_isr_v3.o)
                              pkt/sw/se/ppa/obj/asg/ppa3-libs/src.a(ppa_interrupt.o) (spi_err_handler)
pkt/sw/se/ppa/obj/asg/ppa3-libs/src.a(spe_isr_v3.o)
                              pkt/sw/se/ppa/obj/asg/ppa3-libs/src.a(ppa_interrupt.o) (spe_err_handler)
pkt/sw/se/ppa/obj/asg/ppa3-libs/src.a(ces_state_v3.o)
                              pkt/sw/se/ppa/obj/asg/ppa3-libs/src.a(ppa_interrupt.o) (ces_mdu_header_read_err_handler)
pkt/sw/se/ppa/obj/asg/ppa3-libs/src.a(eu_context.o)
                              pkt/sw/se/ppa/obj/asg/ppa3-libs/src.a(ppa_interrupt.o) (print_eu_context)
pkt/sw/se/ppa/obj/asg/ppa3-libs/src.a(ppa_call_stack.o)
                              pkt/sw/se/ppa/obj/asg/ppa3-libs/src.a(ppa_interrupt.o) (ppa_backtrace)
pkt/sw/se/ppa/obj/asg/ppa3-libs/src.a(roc_state.o)
                              pkt/sw/se/ppa/obj/asg/ppa3-libs/src.a(ppa_interrupt.o) (roc_show_packet_descriptor_ram)
pkt/sw/se/ppa/obj/asg/ppa3-libs/src.a(scl_isr_v3.o)
                              pkt/sw/se/ppa/obj/asg/ppa3-libs/src.a(scl_isr.o) (scl_done_additional_handler)
pkt/sw/se/ppa/obj/asg/ppa3-libs/src.a(roc_isr_v3.o)
                              pkt/sw/se/ppa/obj/asg/ppa3-libs/src.a(roc_isr.o) (roc_pri_sec_pipe_err_handler)
pkt/sw/se/ppa/obj/asg/ppa3-libs/src.a(aam_state.o)
                              pkt/sw/se/ppa/obj/asg/ppa3-libs/src.a(lin_isr_v3.o) (aam_show_debug_reg)
pkt/sw/se/ppa/obj/asg/ppa3-libs/src.a(qus_state.o)
                              pkt/sw/se/ppa/obj/asg/ppa3-libs/src.a(roc_state.o) (qus_show_q_state)
pkt/sw/se/ppa/obj/asg/ppa3-libs/src.a(qus_util.o)
                              pkt/sw/se/ppa/obj/asg/ppa3-libs/src.a(qus_state.o) (GET_QUS_VOF_FROM_CCT)
pkt/sw/se/ppa/obj/asg/ppa3-libs/src.a(lop_state_v3.o)
                              pkt/sw/se/ppa/obj/asg/ppa3-libs/src.a(qus_state.o) (lop_show_rae_occupancy)
pkt/sw/se/ppa/obj/asg/ppa3-libs/pthread.a(eu_bitmask_v2.o)
                              pkt/sw/se/ppa/obj/asg/diags_ppa3/chip_attr/src/chip_attr_ppa3.o (eu_bitmask_all_eus)
pkt/sw/se/ppa/obj/asg/ppa3-libs/c.a(doprint.o)
                              pkt/sw/se/ppa/obj/asg/diags_ppa3/src/uart_standalone.o (fputc)
pkt/sw/se/ppa/obj/asg/ppa3-libs/c.a(strlen.o)
                              pkt/sw/se/ppa/obj/asg/diags_ppa3/src/uart_standalone.o (strlen)
pkt/sw/se/ppa/obj/asg/ppa3-libs/c.a(printf.o)
[...]
Memory Configuration

Name             Origin             Length             Attributes
MEM_STATIC       0x00000000         0x01000000
MEM_SPPRIV       0x00000400         0x00000800
MEM_SPADNL       0x00000c00         0x00000600
MEM_SRAM         0x04340000         0x000c0000
*default*        0x00000000         0xffffffff

Linker script and memory map


.text           0x00000000    0x747a0 load address 0x80000000
 *(.intvec)
 .intvec        0x00000000      0x180 pkt/sw/se/ppa/obj/asg/ppa3-libs/src.a(intvec.o)
                0x00000000                intvec
 *(.sr_text)
 .sr_text       0x00000180      0x7c8 pkt/sw/se/ppa/obj/asg/diags_ppa3/diags/diag_ppa/test_main/src/diag_ppa.o
                0x0000027a                __main
                0x00000192                hw_isr_eu27
                0x000008ea                debug_isr_eu38
                0x000008ea                debug_isr_eu20
                0x000008ea                debug_isr_eu42
                0x000008ea                debug_isr_eu13
                0x00000192                hw_isr_eu26
                0x00000192                hw_isr_eu14
                0x00000192                hw_isr_eu6
                0x00000192                hw_isr_eu11
                0x00000192                hw_isr_eu1
                0x000008ea                debug_isr_eu17
                0x00000192                hw_isr_eu24
                0x00000192                hw_isr_eu46
                0x000008ea                debug_isr_eu45
                0x000008ea                debug_isr_eu23
                0x00000192                hw_isr_eu28
                0x000008ea                debug_isr_eu10
                0x000008ea                debug_isr_eu2
                0x000008ea                debug_isr_eu4
                0x000008ea                debug_isr_eu31
                0x00000192                hw_isr_eu43
                0x00000192                hw_isr_eu18
                0x00000192                hw_isr_eu32
                0x00000192                hw_isr_eu4
                0x00000192                hw_isr_eu30
                0x000008ea                debug_isr_eu34
                0x000008ea                debug_isr_eu32
                0x000008ea                debug_isr_eu25
                0x000008ea                debug_isr_eu16
                0x00000942                set_psrscl
                0x00000192                hw_isr_eu16
                0x00000192                hw_isr_eu41
                0x00000192                hw_isr_eu29
                0x000008ea                debug_isr_eu39
                0x000008ea                debug_isr_eu7
                0x00000192                hw_isr_eu9
                0x000008ea                debug_isr_eu9
                0x00000192                hw_isr_eu45
                0x000008ea                debug_isr_eu3
                0x00000192                hw_isr_eu39
                0x00000192                hw_isr_eu31
                0x00000192                hw_isr_eu36
                0x000008ea                debug_isr_eu47
                0x000008ea                debug_isr_eu18
                0x00000192                hw_isr_eu12
                0x00000192                hw_isr_eu34
                0x000008ea                debug_isr_eu11
                0x00000192                hw_isr_eu35
                0x00000192                hw_isr_eu40
                0x000008ea                debug_isr_eu44
                0x000008ea                debug_isr_eu46
                0x000008ea                debug_isr_eu6
                0x000008ea                debug_isr
                0x000008ea                debug_isr_eu28
                0x00000192                hw_isr_eu3
                0x000008ea                debug_isr_eu0
                0x000008ea                debug_isr_eu26
                0x000008ea                debug_isr_eu19
                0x000008ea                debug_isr_eu36
                0x00000192                hw_isr_eu13
                0x000008ea                debug_isr_eu33
                0x000008ea                debug_isr_eu30
                0x00000192                hw_isr_eu37
                0x000008ea                debug_isr_eu21
                0x00000192                hw_isr_eu47
                0x000008ea                debug_isr_eu5
                0x000008ea                debug_isr_eu24
                0x00000192                hw_isr_eu5
                0x000008ea                debug_isr_eu40
                0x00000192                hw_isr_eu23
                0x00000192                hw_isr_eu17
                0x000008ea                debug_isr_eu14
                0x000008ea                debug_isr_eu1
                0x0000093a                get_psr
                0x00000192                hw_isr_eu8
                0x000008ea                debug_isr_eu41
                0x00000192                hw_isr_eu10
                0x00000192                hw_isr_eu42
                0x00000192                hw_isr_eu33
                0x00000192                hw_isr_eu38
                0x00000180                exitSequence
                0x00000438                hw_isr_eu0
                0x00000192                hw_isr_eu7
                0x000008ea                debug_isr_eu12
                0x00000192                hw_isr_eu19
                0x00000192                hw_isr_eu22
                0x00000192                hw_isr_eu44
                0x00000946                eu_pulse_all
                0x000008ea                debug_isr_eu8
                0x00000192                hw_isr_eu21
                0x000008ea                debug_isr_eu27
                0x000008ea                debug_isr_eu22
                0x000008ea                debug_isr_eu29
                0x00000192                hw_isr_eu2
                0x000008ea                debug_isr_eu43
                0x00000192                hw_isr_eu20
                0x00000192                hw_isr_eu25
                0x00000192                hw_isr
                0x000008ea                debug_isr_eu35
                0x000008ea                debug_isr_eu37
                0x00000192                hw_isr_eu15
                0x0000093e                get_psrscl
                0x000008ea                debug_isr_eu15
 .sr_text       0x00000948      0x988 pkt/sw/se/ppa/obj/asg/diags_ppa3/diags/diag_ppa/memtest/src/memTest.o
                0x00000ab8                address_bus_test
                0x00001284                showErrorCount
                0x0000106c                random_device_test
                0x0000097c                data_bus_test
                0x00000d4c                mem_device_test
                0x00000948                hash_32bit
 .sr_text       0x000012d0      0x108 pkt/sw/se/ppa/obj/asg/diags_ppa3/diags/diag_ppa/access_memtest/src/memAccess/memAccess_priv.o
                0x000012d0                access_generic_error_log
                0x0000136c                access_error_check
                0x00001310                access_generic_fault_log
 .sr_text       0x000013d8      0x3e0 pkt/sw/se/ppa/obj/asg/diags_ppa3/diags/diag_ppa/access_memtest/src/memAccess/memAccessSupport.o
                0x000013d8                access_loop_on_error
                0x000015b0                access_mem_log_error
 .sr_text       0x000017b8     0x72cc pkt/sw/se/ppa/obj/asg/diags_ppa3/diags/diag_ppa/access_memtest/src/memAccess/memAccessTest.o
                0x0000240c                access_addr_walking_1s_test
                0x00002df4                access_addr_walking_0s_test
                0x00005060                access_pair_pattern_test
                0x00006e34                access_walking_0s_test
                0x000017b8                access_address_test
                0x00003c38                access_address_pair_test
                0x00007d50                access_pattern_test
                0x00003838                access_init_memory
                0x00005f70                access_walking_1s_test
 .sr_text       0x00008a84     0x1118 pkt/sw/se/ppa/obj/asg/diags_ppa3/diags/diag_ppa/access_memtest/src/memAccess/memAccessIEEE.o
                0x00008a84                access_ieee_column_test
                0x00008b40                access_ieee_march_b_test
 .sr_text       0x00009b9c      0x428 pkt/sw/se/ppa/obj/asg/diags_ppa3/diags/diag_ppa/xcb/src/ppa3_dcache_pattern_test.o
                0x00009e9c                ppa3_dcache_pattern_test
                0x00009d24                dcache_walking_ones_zeros
                0x00009b9c                dcache_pattern_test
 .sr_text       0x00009fc4       0x3c pkt/sw/se/ppa/obj/asg/diags_ppa3/diags/diag_ppa/xcb/src/ppa3_icache_pattern_test.o
                0x00009fc4                icache_pattern_test
 .sr_text       0x0000a000       0x40 pkt/sw/se/ppa/obj/asg/diags_ppa3/diags/diag_ppa/xcb/src/ppa3_icache_parity_test.o
                0x0000a000                icache_parity_test
 .sr_text       0x0000a040       0x5c pkt/sw/se/ppa/obj/asg/diags_ppa3/diags/diag_ppa/xcb/src/ppa3_icache_parity_gen_test.o
                0x0000a040                icache_parity_gen_test
 .sr_text       0x0000a09c      0x108 pkt/sw/se/ppa/obj/asg/diags_ppa3/diags/diag_ppa/xcb/src/ppa3_icache_ecc_test.o
                0x0000a09c                icache_ecc_1b_test
 .sr_text       0x0000a1a4        0x4 pkt/sw/se/ppa/obj/asg/diags_ppa3/diags/diag_ppa/xcb/src/ppa3_dcache_ecc_test.o
                0x0000a1a4                dcache_ecc_1b_test
 .sr_text       0x0000a1a8      0x690 pkt/sw/se/ppa/obj/asg/ppa3-libs/src.a(xcb_isr.o)
                0x0000a364                icb_pea_handler
                0x0000a240                dcb_isr
                0x0000a1bc                ppa3_icb_isr
                0x0000a524                ppa3lp_icb_isr
                0x0000a820                icb_err_handler
 *fill*         0x0000a838        0x8
 .sr_text       0x0000a840      0x380 pkt/sw/se/ppa/obj/asg/ppa3-libs/c.a(memset_v3.o)
                0x0000a9c0                memset
 *(.sr_text2)
 .sr_text2      0x0000abc0       0x18 pkt/sw/se/ppa/obj/asg/ppa3-libs/c.a(memcpy.o)
                0x0000abc0                memcpy
 *(.sr_text3)
 *(.text)
 .text          0x0000abd8      0x23c pkt/sw/se/ppa/obj/asg/diags_ppa3/src/uart_standalone.o
                0x0000ad30                putchar
                0x0000ac14                uart_get_line
                0x0000adfc                uart_write
                0x0000add8                uart_logwrite
                0x0000ad4c                uart_write_isr
                0x0000abfc                getchar
                0x0000abdc                fgetc
                0x0000abd8                uart_read
 .text          0x0000ae14       0x1c pkt/sw/se/ppa/obj/asg/diags_ppa3/src/isr_standalone.o
                0x0000ae24                timestamp_ident
                0x0000ae14                isr_throttle
                0x0000ae18                ntp_timestamp_ident
 .text          0x0000ae30       0x1c pkt/sw/se/ppa/obj/asg/diags_ppa3/src/mct_isr_standalone.o
                0x0000ae30                mct_isr_deferred
 .text          0x0000ae4c        0x2 pkt/sw/se/ppa/obj/asg/diags_ppa3/diags/diag_ppa/test_main/src/diag_ppa.o
 *fill*         0x0000ae4e        0x2
 .text          0x0000ae50       0xe4 pkt/sw/se/ppa/obj/asg/diags_ppa3/diags/diag_ppa/test_main/src/diagTasks.o
                0x0000ae6c                set_diag_error
                0x0000ae5c                set_test_error_count
                0x0000af30                set_test_status
                0x0000ae50                get_test_error_count
 .text          0x0000af34      0x154 pkt/sw/se/ppa/obj/asg/diags_ppa3/diags/diag_ppa/test_main/src/locks.o
                0x0000b028                sync_lock
                0x0000b068                scl_lock
                0x0000af80                access_unlock
                0x0000b048                access_lock
                0x0000af34                release_lock
                0x0000afe0                get_lock
                0x0000afc0                init_unlock
                0x0000b008                init_lock
                0x0000af60                scl_unlock
                0x0000afa0                sync_unlock
 .text          0x0000b088      0x66c pkt/sw/se/ppa/obj/asg/diags_ppa3/diags/diag_ppa/test_main/src/isr.o
                0x0000b4a4                c_hardware_interrupt
                0x0000b16c                mct_access_err_interrupt
                0x0000b08c                clear_scl_interrupt
                0x0000b480                inter_eu_interrupt
                0x0000b098                get_scl_interrupt_flag
                0x0000b088                isram_block_load
                0x0000b26c                mct_hw_err_interrupt
                0x0000b1b8                poc_interrupt
                0x0000b0a4                scl_interrupt
                0x0000b268                crashDump
 .text          0x0000b6f4      0x148 pkt/sw/se/ppa/obj/asg/diags_ppa3/diags/diag_ppa/test_main/src/diag_rand.o
                0x0000b77c                diag_rand_r
                0x0000b764                diag_srand
                0x0000b830                current_seed
                0x0000b73c                diag_rand
                0x0000b72c                my_srand
 .text          0x0000b83c      0x10c pkt/sw/se/ppa/obj/asg/diags_ppa3/diags/diag_ppa/test_main/src/rcon_standalone.o
                0x0000b878                rcon_write_isr
                0x0000b874                rcon_read
                0x0000b908                rcon_logwrite
                0x0000b930                rcon_write
                0x0000b83c                rcon_init
 .text          0x0000b948     0x1974 pkt/sw/se/ppa/obj/asg/diags_ppa3/diags/diag_ppa/test_main/src/diag_ppa_main.o
                0x0000b97c                word_fill
                0x0000bd14                commandExec
                0x0000b964                word_copy
                0x0000bb34                commandReply
                0x0000b950                ppa3_debug_read
                0x0000bab0                amMasterEU
                0x0000b990                ppa_flush16
                0x0000ba90                ppa3_eu_debug_write
                0x0000ba10                ppa_fetch16
                0x0000d0a4                main
                0x0000b958                enable_ppa_int_flag
                0x0000b948                ppa3_debug_write
                0x0000bacc                cmdPtrGet
                0x0000bb84                commandGet
                0x0000bb00                replyValidPtrGet
 .text          0x0000d2bc     0x2be0 pkt/sw/se/ppa/obj/asg/diags_ppa3/diags/diag_ppa/memtest/src/memTest.o
                0x0000fb30                mem_ff_rw_test_op
                0x0000eedc                mem_load_store_test
                0x0000e7ac                read_loop
                0x0000f18c                mem_ff_test_op
                0x0000f4ac                mem_ff_test
                0x0000d67c                diagPpa3EccOnOff
                0x0000dc04                write_loop
                0x0000d744                ppa3_ecc_data_test_get_addr
                0x0000dfec                memLogError
                0x0000d9a4                memtest_buffer_config
                0x0000dbf4                stall_count
                0x0000f7e8                mem_ff_fill
                0x0000e0e4                memRandonAccessTest
                0x0000d868                show_ff_test_title
                0x0000d4cc                loop_on_error
                0x0000e3e0                walking_ones_zeros
                0x0000d7c0                ppa3_ecc_data_test_drc
                0x0000d5ec                move_stack
                0x0000d69c                memSizePerMct
                0x0000fe30                mem_ff_rw_test
                0x0000d2bc                look_for_ecc_err
                0x0000e254                memWriteReadTest
                0x0000f518                mem_walking_test
                0x0000d5a0                find_controlling_eu
                0x0000ec78                ppa3_ecc_data_test
                0x0000d61c                dumpErrorCount
                0x0000ed18                ppa3_ecc_pattern_test
                0x0000d6bc                ppa3_ecc_data_test_drc_val
                0x0000faa4                mem_ff_column_test
 .text          0x0000fe9c     0x116c pkt/sw/se/ppa/obj/asg/diags_ppa3/diags/diag_ppa/memtest/src/memIEEE.o
                0x0000fe9c                stepping_ieee_test
                0x000103f4                ieee_test
 .text          0x00011008       0xc0 pkt/sw/se/ppa/obj/asg/diags_ppa3/diags/diag_ppa/memtest/src/memMain.o
                0x00011008                syncEus
                0x00011078                clear_memory
 .text          0x000110c8      0x494 pkt/sw/se/ppa/obj/asg/diags_ppa3/diags/diag_ppa/memtest/src/local_rd_lat_delay_scan.o
                0x00011348                diag_rd_lat_delay_test_drc
                0x0001123c                diag_rd_lat_delay_test_strobe
                0x00011520                diag_rd_lat_delay_test_multi_time_slot
                0x000114b4                diag_rd_lat_delay_test
                0x000113bc                diag_rd_lat_delay_test_mct
                0x000110c8                diag_test_byte
                0x000113f4                diag_rd_lat_delay_test_results
 .text          0x0001155c      0x360 pkt/sw/se/ppa/obj/asg/diags_ppa3/diags/diag_ppa/ppa3_cop/src/ppa3_cop.o
                0x000117d4                eucop_fetch_sink
                0x0001155c                mem_debug_print
                0x00011664                fill_32_bit_random
                0x00011780                fill_16_bit_incr_pattern
                0x0001176c                fill_byte_incr_pattern
                0x00011650                fill_32_bit_pattern
                0x00011794                compare_32_bit_buffer
                0x000117f4                check_and_aligned_spad_addr
                0x0001170c                copy_32_bit_words
                0x00011724                compute_expect_compare_result
                0x000116a8                fill_walking_1_16byte_word
 .text          0x000118bc       0xfc pkt/sw/se/ppa/obj/asg/diags_ppa3/diags/diag_ppa/ppa3_cop/src/ppa3_cop_ret_zero.o
                0x000118bc                eucop_return_zero
                0x000118dc                eucop_return_zero_test
 .text          0x000119b8       0xfc pkt/sw/se/ppa/obj/asg/diags_ppa3/diags/diag_ppa/ppa3_cop/src/ppa3_cop_ret_one.o
                0x000119d8                eucop_return_one_test
                0x000119b8                eucop_return_one
 .text          0x00011ab4      0x418 pkt/sw/se/ppa/obj/asg/diags_ppa3/diags/diag_ppa/ppa3_cop/src/ppa3_cop_compare.o
                0x00011ab4                eucop_compare
                0x00011b98                eucop_compare_test
 .text          0x00011ecc      0x430 pkt/sw/se/ppa/obj/asg/diags_ppa3/diags/diag_ppa/ppa3_cop/src/ppa3_cop_compare_w_mask.o
                0x00011fb8                eucop_compare_w_mask_test
                0x00011ecc                eucop_compare_with_mask
 .text          0x000122fc      0x494 pkt/sw/se/ppa/obj/asg/diags_ppa3/diags/diag_ppa/ppa3_cop/src/ppa3_cop_compact.o
                0x000122fc                eucop_compact
                0x000123e0                format_compact_mask_instruction
                0x00012468                format_expect_compact_data
                0x00012570                eucop_compact_test
 .text          0x00012790      0x710 pkt/sw/se/ppa/obj/asg/diags_ppa3/diags/diag_ppa/ppa3_cop/src/ppa3_cop_compact_hash.o
                0x00012a2c                format_expect_hash_data
                0x00012790                hash
                0x00012c0c                eucop_compact_hash_test
                0x00012b00                eucop_compact_hash
 .text          0x00012ea0     0x1034 pkt/sw/se/ppa/obj/asg/diags_ppa3/diags/diag_ppa/tcam/src/NL7000.o
                0x0001315c                Ppa3ReadNL7000ResultsRegister
                0x00013bec                Ppa3WriteNL7000BlockMaskRegister
                0x00012ea0                Ppa3ReadNL7000ScratchPadMemRegister
                0x00013388                Ppa3ReadNL7000BlockConfigRegister
                0x000135b8                Ppa3WriteNL7000ParityScanRateControlRegister
                0x00013910                Ppa3GetTCAMType
                0x00013b28                Ppa3WriteNL7000ScratchPadMemRegister
                0x00013cf4                Ppa3WriteNL7000BlockConfigRegister
                0x00013668                ReadNL7000ParityScanRateControlRegister
                0x000134bc                Ppa3ReadNL7000SoftErrorParityFIFORegister
                0x000130a8                Ppa3ReadNL7000DeviceIDRegister
                0x00013814                Ppa3ReadNL7000DeviceConfigurationRegister
                0x0001397c                Ppa3ReadNL7000BlockMaskRegister
                0x00012fd8                Ppa3WriteNL7000DeviceIDRegister
                0x00013764                Ppa3WriteNL7000DeviceConfigurationRegister
                0x00013240                Ppa3ReadNL7000LogicalTableRegister
                0x00013dd4                Ppa3WriteNL7000LogicalTableRegister
 .text          0x00013ed4     0x16d8 pkt/sw/se/ppa/obj/asg/diags_ppa3/diags/diag_ppa/tcam/src/ppa3_nse.o
                0x000152ac                Ppa3CompareNL7000VerifyHit
                0x00013ed4                InitPPA3Nse
                0x000150a8                Ppa3NL7000MemFillVerify
                0x000153c8                Ppa3CompareNL7000VerifyHit144
                0x0001418c                Ppa3WriteNL7000Data
                0x0001521c                Ppa3CompareNL7000Data
                0x00014124                Ppa3WriteToNL7000Reg
                0x000147c4                Ppa3CompareNL7000VerifyHit576
                0x00014e74                Ppa3ReadVerifyNL7000Data
                0x0001421c                Ppa3NL7000MemFill
                0x00014818                Ppa3ReadNL7000Reg
                0x00014c20                Ppa3ReadNL7000Mask
                0x00015010                Ppa3WriteVerifyNL7000Data
                0x00014a78                Ppa3ReadVerifyNL7000DataMem
                0x0001432c                Ppa3NL7000MemFillAlternating0
                0x00015558                Ppa3CompareNL7000VerifyHit288
                0x00014bbc                Ppa3DumpNL7000Data
                0x00014cac                Ppa3ReadVerifyNL7000MaskMem
                0x000148a4                Ppa3ReadNL7000Data
                0x00014460                Ppa3NL7000MemFillAlternating1
                0x00015300                Ppa3CompareNL7000Data144Bit
                0x000151b8                Ppa3DumpNL7000Mask
                0x0001541c                Ppa3CompareNL7000Data288Bit
                0x00014ef8                Ppa3NL7000MemBlockReadVerify
                0x00014d88                Ppa3NL7000MemMaskBlockReadVerify
                0x00014594                Ppa3CompareNL7000Data576Bit
                0x00014930                Ppa3DeleteNL7000Data
 .text          0x000155ac      0x520 pkt/sw/se/ppa/obj/asg/diags_ppa3/diags/diag_ppa/tcam/src/Ppa3TCAM.o
                0x000155ac                Ppa3ChangeTCAMBlockWidth
                0x000156fc                InitializePpa3TCAM
 .text          0x00015acc      0x1dc pkt/sw/se/ppa/obj/asg/diags_ppa3/diags/diag_ppa/tcam/src/init_ppa3_tcam.o
                0x00015acc                Ppa3TCAMInit
 .text          0x00015ca8     0x1c64 pkt/sw/se/ppa/obj/asg/diags_ppa3/diags/diag_ppa/tcam/src/ppa3_tcam_memtest.o
                0x000165c8                Ppa3TCAMMemTestPattern
                0x000172e4                Ppa3TCAMDBUSCrossTalkTest
                0x00015ca8                Ppa3TCAMMaskMemMarchTest
                0x000160d4                Ppa3TCAMDataMemMarchTest
                0x000174a4                Ppa3TCAMDBusTest
                0x0001668c                Ppa3TCAMCmd
 .text          0x0001790c      0x428 pkt/sw/se/ppa/obj/asg/diags_ppa3/diags/diag_ppa/tcam/src/ppa3_tcam_compare.o
                0x0001790c                Ppa3TCAMCompareTest
 .text          0x00017d34      0x54c pkt/sw/se/ppa/obj/asg/diags_ppa3/diags/diag_ppa/tcam/src/ppa3_tcam_stress.o
                0x00017d34                Ppa3TCAMCompareStress
 .text          0x00018280      0x290 pkt/sw/se/ppa/obj/asg/diags_ppa3/diags/diag_ppa/tcam/src/ppa3_tcam_result_bus.o
                0x00018280                Ppa3TCAMRBusTest
 .text          0x00018510      0x4ec pkt/sw/se/ppa/obj/asg/diags_ppa3/diags/diag_ppa/mailbox/src/ppa3_mailbox_testlib.o
                0x000185f8                EmrOperateOnPvtMbox
                0x00018510                Seg1OperateOnAMbox
                0x0001880c                CompareMboxData
                0x00018938                Seg1ReadMbox
                0x00018714                Seg1ReadMboxStatus
                0x00018680                EmrOperateOnGblMbox
                0x000187e4                CalExpData
 .text          0x000189fc      0x2ac pkt/sw/se/ppa/obj/asg/diags_ppa3/diags/diag_ppa/mailbox/src/ppa3_pvt_mbox_singleEu.o
                0x00018b34                Ppa3ClearPvtMbox
                0x000189fc                Ppa3SetPvtMbox
 .text          0x00018ca8      0x31c pkt/sw/se/ppa/obj/asg/diags_ppa3/diags/diag_ppa/mailbox/src/ppa3_gbl_mbox_singleEu.o
                0x00018dbc                Ppa3ClrGblMbox
                0x00018f18                Ppa3OverWrGblMbox
                0x00018ca8                Ppa3SetGblMbox
 .text          0x00018fc4      0x270 pkt/sw/se/ppa/obj/asg/diags_ppa3/diags/diag_ppa/mailbox/src/ppa3_gbl_mbox_multiEu.o
                0x00019170                Ppa3OwGblMboxMultiEu
                0x00019098                Ppa3ClrGblMboxMultiEu
                0x00018fc4                Ppa3SetGblMboxMultiEu
 .text          0x00019234      0x1bc pkt/sw/se/ppa/obj/asg/diags_ppa3/diags/diag_ppa/mailbox/src/ppa3_pvt_mbox_multiEu.o
                0x00019234                Ppa3SetPvtMboxMultiEu
                0x00019310                Ppa3ClrPvtMboxMultiEu
 .text          0x000193f0      0x1c4 pkt/sw/se/ppa/obj/asg/diags_ppa3/diags/diag_ppa/mailbox/src/ppa3_pvt_mbox_eu_ring.o
                0x000193f0                Ppa3SetPvtMboxEu0Ring
                0x000194d0                Ppa3ClrPvtMboxEu0Ring
 .text          0x000195b4       0xf4 pkt/sw/se/ppa/obj/asg/diags_ppa3/diags/diag_ppa/mailbox/src/ppa3_gbl_mbox_eu_ring.o
                0x000195b4                Ppa3OwGblMboxEuRing
                0x00019614                Ppa3ReadGblMbox
 .text          0x000196a8      0x938 pkt/sw/se/ppa/obj/asg/diags_ppa3/diags/diag_ppa/scl_test/src/sclTest.o
                0x000197bc                flushInOutIn
                0x00019d60                scl_walking_ones_zeros
                0x00019ee8                scl_random_data
                0x00019a6c                flushInOutIn32
                0x00019e7c                scl_flushs16
                0x000196a8                scl_flushInOutIn
                0x00019c78                flushs16_dram
 .text          0x00019fe0      0x6e0 pkt/sw/se/ppa/obj/asg/diags_ppa3/diags/diag_ppa/scl_test/src/diag_ppa_scl.o
                0x0001a094                sccMemRead1B
                0x0001a228                euSccBufStart
                0x0001a5f4                scl_dma_test
                0x0001a418                scl_dma_xfer
                0x0001a104                sccMemRead4B
                0x0001a180                diag_ppa_scl_init
                0x0001a03c                sccMemWrite4B
                0x0001a264                scl_dma_test_init
                0x0001a36c                scl_dma_test_check
                0x00019fe0                sccMemWrite1B
                0x0001a258                euSccBufSize
 .text          0x0001a6c0     0xa05c pkt/sw/se/ppa/obj/asg/diags_ppa3/diags/diag_ppa/access_memtest/src/memAccess/memAccessTest.o
                0x0001c78c                access_addr_pair_read_loop_fptr_comp
                0x000202c0                access_walking_0s_loop_fptr_rchk_conv
                0x0001aba8                access_addr_read_loop_fptr_chk_comp
                0x0001aefc                access_addr_write_loop_1B
                0x0001f2ac                access_walking_0s_loop_4B
                0x000240c4                access_addr_walking_1s_read_loop_fptr_chk_comp
                0x0002392c                access_addr_walking_0s_write_loop_2B
                0x000233a0                access_addr_walking_0s_read_loop_4B
                0x00022338                access_walking_1s_loop_fptr_conv
                0x0001a6c0                access_addr_read_loop_1B
                0x0001b5c4                access_baddr_read_loop_fptr
                0x00023b54                access_addr_walking_0s_write_loop_fptr_chk_conv
                0x0001afcc                access_addr_write_loop_4B
                0x00023440                access_addr_walking_0s_read_loop_fptr
                0x0001d548                access_write_loop_fptr
                0x000243f0                access_addr_walking_1s_write_loop_4B
                0x0001e588                access_pair_write_loop_fptr
                0x0001c120                access_addr_pair_read_loop_2B
                0x00024210                access_addr_walking_1s_read_loop_fptr_comp
                0x00020bf8                access_walking_0s_loop_fptr_wchk_conv
                0x0001dc14                access_pair_read_loop_fptr_chk
                0x0001bbbc                access_baddr_write_loop_1B
                0x0001cdcc                access_read_loop_4B
                0x0001e664                access_pair_write_loop_fptr_chk
                0x0001aa28                access_addr_read_loop_fptr_chk
                0x00023654                access_addr_walking_0s_read_loop_fptr_chk_comp
                0x0001b380                access_baddr_read_loop_1B
                0x0001ba40                access_baddr_read_loop_fptr_comp
                0x0001ce94                access_read_loop_fptr
                0x00023c44                access_addr_walking_0s_write_loop_fptr_conv
                0x0002075c                access_walking_0s_loop_fptr_rwchk_conv
                0x00023998                access_addr_walking_0s_write_loop_4B
                0x0001e804                access_walking_0s_loop_1B
                0x0001cd00                access_read_loop_2B
                0x0001b2d8                access_addr_write_loop_fptr_conv
                0x0001fd2c                access_walking_0s_loop_fptr
                0x0001bcf4                access_baddr_write_loop_fptr
                0x000232fc                access_addr_walking_0s_read_loop_2B
                0x0001d45c                access_write_loop_2B
                0x0001d958                access_pair_read_loop_4B
                0x00023258                access_addr_walking_0s_read_loop_1B
                0x0001cb18                access_addr_pair_write_loop_fptr_chk
                0x00024598                access_addr_walking_1s_write_loop_fptr_chk_conv
                0x0001c200                access_addr_pair_read_loop_4B
                0x0001e398                access_pair_write_loop_1B
                0x0001b0b8                access_addr_write_loop_fptr_chk
                0x00020e40                access_walking_1s_loop_1B
                0x0001c5c4                access_addr_pair_read_loop_fptr_chk_comp
                0x00020508                access_walking_0s_loop_fptr_rwchk
                0x0001d294                access_read_loop_fptr_comp
                0x00021188                access_walking_1s_loop_2B
                0x0001e4e8                access_pair_write_loop_4B
                0x000209f4                access_walking_0s_loop_fptr_wchk
                0x0001de58                access_pair_read_loop_fptr_chk_comp
                0x0001d0e0                access_read_loop_fptr_chk_comp
                0x0001af64                access_addr_write_loop_2B
                0x000221a4                access_walking_1s_loop_fptr
                0x0001b034                access_addr_write_loop_fptr
                0x0001b1b4                access_addr_write_loop_fptr_chk_conv
                0x0001c040                access_addr_pair_read_loop_1B
                0x000200bc                access_walking_0s_loop_fptr_rchk
                0x0001da8c                access_pair_read_loop_fptr
                0x0001ca70                access_addr_pair_write_loop_fptr
                0x0001ebb8                access_walking_0s_loop_2B
                0x00024680                access_addr_walking_1s_write_loop_fptr_conv
                0x0001b444                access_baddr_read_loop_2B
                0x0001d3e4                access_write_loop_1B
                0x000217d0                access_walking_1s_loop_4B
                0x0001d81c                access_pair_read_loop_2B
                0x0001c420                access_addr_pair_read_loop_fptr_chk
                0x00024388                access_addr_walking_1s_write_loop_2B
                0x0001bc8c                access_baddr_write_loop_4B
                0x00023fa4                access_addr_walking_1s_read_loop_fptr_chk
                0x00023e24                access_addr_walking_1s_read_loop_4B
                0x0001c8f8                access_addr_pair_write_loop_1B
                0x0001d4d4                access_write_loop_4B
                0x0001ad80                access_addr_read_loop_fptr_comp
                0x0001d5d8                access_write_loop_fptr_chk
                0x0001be74                access_baddr_write_loop_fptr_chk_conv
                0x0001bc24                access_baddr_write_loop_2B
                0x00022e24                access_walking_1s_loop_fptr_wchk
                0x0002251c                access_walking_1s_loop_fptr_rchk
                0x0001a784                access_addr_read_loop_2B
                0x00022714                access_walking_1s_loop_fptr_rchk_conv
                0x0002352c                access_addr_walking_0s_read_loop_fptr_chk
                0x0001cf8c                access_read_loop_fptr_chk
                0x0001a904                access_addr_read_loop_fptr
                0x00022950                access_walking_1s_loop_fptr_rwchk
                0x0001fecc                access_walking_0s_loop_fptr_conv
                0x000238c0                access_addr_walking_0s_write_loop_1B
                0x00023d84                access_addr_walking_1s_read_loop_2B
                0x0001bf98                access_baddr_write_loop_fptr_conv
                0x0001d6e0                access_pair_read_loop_1B
                0x0001c2d8                access_addr_pair_read_loop_fptr
                0x0002301c                access_walking_1s_loop_fptr_wchk_conv
                0x0001e150                access_pair_read_loop_fptr_comp
                0x0001b6e8                access_baddr_read_loop_fptr_chk
                0x0001b868                access_baddr_read_loop_fptr_chk_comp
                0x00024458                access_addr_walking_1s_write_loop_fptr
                0x000244d0                access_addr_walking_1s_write_loop_fptr_chk
                0x00023a04                access_addr_walking_0s_write_loop_fptr
                0x000237a8                access_addr_walking_0s_read_loop_fptr_comp
                0x00023ce4                access_addr_walking_1s_read_loop_1B
                0x0001bd78                access_baddr_write_loop_fptr_chk
                0x0001c9f8                access_addr_pair_write_loop_4B
                0x00023ec0                access_addr_walking_1s_read_loop_fptr
                0x00024320                access_addr_walking_1s_write_loop_1B
                0x0001c978                access_addr_pair_write_loop_2B
                0x0001cc34                access_read_loop_1B
                0x00022b98                access_walking_1s_loop_fptr_rwchk_conv
                0x00023a84                access_addr_walking_0s_write_loop_fptr_chk
                0x0001b508                access_baddr_read_loop_4B
                0x0001a848                access_addr_read_loop_4B
                0x0001e440                access_pair_write_loop_2B
 .text          0x0002471c     0x65c0 pkt/sw/se/ppa/obj/asg/diags_ppa3/diags/diag_ppa/access_memtest/src/memAccess/memAccessIEEE.o
                0x000251f4                access_ieee_march_b_step1_loop_fptr_rchk
                0x0002a2b4                access_ieee_march_b_step4_loop_fptr_rwchk
                0x00024e14                access_ieee_march_b_step1_loop_fptr_conv
                0x00024a14                access_ieee_march_b_step1_loop_4B
                0x00029e90                access_ieee_march_b_step4_loop_fptr_rchk
                0x00025a88                access_ieee_march_b_step1_loop_fptr_rwchk
                0x000285cc                access_ieee_march_b_step3_loop_fptr_conv
                0x000255a8                access_ieee_march_b_step1_loop_fptr_rchk_conv
                0x00029994                access_ieee_march_b_step4_loop_2B
                0x00027018                access_ieee_march_b_step2_loop_fptr
                0x00027378                access_ieee_march_b_step2_loop_fptr_rchk
                0x0002a514                access_ieee_march_b_step4_loop_fptr_rwchk_conv
                0x00024b60                access_ieee_march_b_step1_loop_fptr
                0x00024898                access_ieee_march_b_step1_loop_2B
                0x00027f10                access_ieee_march_b_step2_loop_fptr_wchk_conv
                0x00026504                access_ieee_march_b_step1_loop_fptr_wchk
                0x00028450                access_ieee_march_b_step3_loop_fptr
                0x00026f50                access_ieee_march_b_step2_loop_4B
                0x000279fc                access_ieee_march_b_step2_loop_fptr_rwchk_conv
                0x0002a818                access_ieee_march_b_step4_loop_fptr_wchk
                0x0002779c                access_ieee_march_b_step2_loop_fptr_rwchk
                0x00029c8c                access_ieee_march_b_step4_loop_fptr_conv
                0x00027538                access_ieee_march_b_step2_loop_fptr_rchk_conv
                0x00027174                access_ieee_march_b_step2_loop_fptr_conv
                0x00026d98                access_ieee_march_b_step2_loop_1B
                0x000282a4                access_ieee_march_b_step3_loop_2B
                0x000289f0                access_ieee_march_b_step3_loop_fptr_rchk_conv
                0x00029a68                access_ieee_march_b_step4_loop_4B
                0x00027d00                access_ieee_march_b_step2_loop_fptr_wchk
                0x0002a050                access_ieee_march_b_step4_loop_fptr_rchk_conv
                0x00028c98                access_ieee_march_b_step3_loop_fptr_rwchk
                0x000298c0                access_ieee_march_b_step4_loop_1B
                0x00028814                access_ieee_march_b_step3_loop_fptr_rchk
                0x000292fc                access_ieee_march_b_step3_loop_fptr_wchk
                0x00028f64                access_ieee_march_b_step3_loop_fptr_rwchk_conv
                0x000268b8                access_ieee_march_b_step1_loop_fptr_wchk_conv
                0x0002471c                access_ieee_march_b_step1_loop_1B
                0x0002aa28                access_ieee_march_b_step4_loop_fptr_wchk_conv
                0x00029b30                access_ieee_march_b_step4_loop_fptr
                0x00029578                access_ieee_march_b_step3_loop_fptr_wchk_conv
                0x00025f2c                access_ieee_march_b_step1_loop_fptr_rwchk_conv
                0x00026e74                access_ieee_march_b_step2_loop_2B
                0x000281c4                access_ieee_march_b_step3_loop_1B
                0x00028384                access_ieee_march_b_step3_loop_4B
 .text          0x0002acdc     0x1444 pkt/sw/se/ppa/obj/asg/diags_ppa3/diags/diag_ppa/access_memtest/src/ppa30/ddr2_sdram_access.o
                0x0002b2b4                ddr2_sdram_access_err_log
                0x0002acdc                ddr2_sdram_load_spad_flush_data
                0x0002aea0                ddr2_sdram_access_2G_8bank_decode_xor_write
                0x0002b220                ddr2_sdram_access_convert_u2m_stub
                0x0002bcf4                ddr2_sdram_access_flush
                0x0002af80                ddr2_sdram_access_m_comp
                0x0002adc4                ddr2_sdram_access_2G_8bank_decode_read
                0x0002b22c                ddr2_sdram_access_convert_m2str
                0x0002b258                ddr2_sdram_access_ecc_err_check
                0x0002bc70                ddr2_sdram_access_2G_8bank_decode_fetch
                0x0002ae5c                ddr2_sdram_access_2G_8bank_decode_write
                0x0002be28                ddr2_sdram_access_2G_8bank_decode_flush
                0x0002bfa0                ddr2_sdram_access_2G_8bank_decode_xor_flush
                0x0002ae0c                ddr2_sdram_access_2G_8bank_decode_xor_read
                0x0002bc2c                ddr2_sdram_access_fetch
                0x0002aef0                ddr2_sdram_access_2G_8bank_decode_xor_fetch
 .text          0x0002c120      0x5e0 pkt/sw/se/ppa/obj/asg/diags_ppa3/diags/diag_ppa/access_memtest/src/ppa30/ddr2_sdram_memTests_priv.o
                0x0002c690                ddr2_sdram_load_config
                0x0002c4cc                ddr2_sdram_retrieve_acc_struct
                0x0002c260                ddr2_sdram_check_address
                0x0002c120                ddr2_sdram_align_address
                0x0002c6c8                ddr2_sdram_restore_config
 .text          0x0002c700     0x1b8c pkt/sw/se/ppa/obj/asg/diags_ppa3/diags/diag_ppa/access_memtest/src/ppa30/ddr2_sdram_memTests.o
                0x0002d674                ddr2_sdram_bounce_droop_test
                0x0002c8a0                ddr2_sdram_addr_bounce_droop_test
                0x0002dc8c                ddr2_sdram_walking_1s_test
                0x0002ddfc                ddr2_sdram_ieee_column_test
                0x0002d0c4                ddr2_sdram_addr_walking_0s_test
                0x0002e0f8                ddr2_sdram_clear_memory
                0x0002df88                ddr2_sdram_ieee_march_b_test
                0x0002c700                ddr2_sdram_address_test
                0x0002d39c                ddr2_sdram_addr_walking_1s_test
                0x0002d7fc                ddr2_sdram_crosstalk_test
                0x0002db1c                ddr2_sdram_walking_0s_test
                0x0002cc58                ddr2_sdram_addr_crosstalk_test
                0x0002d984                ddr2_sdram_pattern_test
 .text          0x0002e28c      0x364 pkt/sw/se/ppa/obj/asg/diags_ppa3/diags/diag_ppa/access_memtest/src/ppa30/spad_memTests_priv.o
                0x0002e380                spad_check_alignment
                0x0002e480                spad_check_address
                0x0002e5c0                spad_move_stack
                0x0002e28c                spad_align_address
 .text          0x0002e5f0     0x1e68 pkt/sw/se/ppa/obj/asg/diags_ppa3/diags/diag_ppa/access_memtest/src/ppa30/spad_memTests.o
                0x0002e90c                spad_data_test
                0x0002f170                spad_march_test
                0x00030360                spad_flush_test
                0x0002e5f0                spad_address_test
                0x0002fb5c                spad_fetch_test
                0x0002f9c4                fetch_test
                0x0002fc54                fetch_flush_test
                0x0002f430                simple_test
                0x000300b8                spad_fetch_flush_test
                0x0002f284                block_fill
                0x0002f34c                block_check
                0x0002ee58                spad_quick_test
                0x0002f78c                ppa3lp_fetch32
                0x0002f558                spad_simple_test
                0x0002ebac                spad_cell_test
                0x000301b0                flush_test
                0x0002f6c4                ppa3lp_flush32
                0x0002f2e0                block_copy
 .text          0x00030458      0x494 pkt/sw/se/ppa/obj/asg/diags_ppa3/diags/diag_ppa/access_memtest/src/ppa30/qdr2_sram_access.o
                0x0003078c                qdr2_sram_access_err_log
                0x00030570                qdr2_sram_access_top_read
                0x00030560                qdr2_sram_access_bottom_fast_write
                0x00030458                qdr2_sram_access_bottom_read
                0x00030728                qdr2_sram_access_convert_u2m_alt
                0x000305fc                qdr2_sram_access_top_write
                0x00030688                qdr2_sram_access_m_comp
                0x0003075c                qdr2_sram_access_convert_u2m_asc
                0x00030788                qdr2_sram_access_convert_m2str
                0x00030678                qdr2_sram_access_top_fast_write
                0x000306fc                qdr2_sram_access_convert_u2m
                0x000304e4                qdr2_sram_access_bottom_write
 .text          0x000308ec      0x5f8 pkt/sw/se/ppa/obj/asg/diags_ppa3/diags/diag_ppa/access_memtest/src/ppa30/qdr2_sram_memTests_priv.o
                0x00030bbc                qdr2_sram_load_config
                0x00030ca4                qdr2_sram_load_data
                0x000308ec                qdr2_sram_check_address
                0x00030dc0                qdr2_sram_gen_pattern_test
                0x000309d8                qdr2_sram_retrieve_acc_struct
                0x00030c30                qdr2_sram_restore_config
 .text          0x00030ee4     0x173c pkt/sw/se/ppa/obj/asg/diags_ppa3/diags/diag_ppa/access_memtest/src/ppa30/qdr2_sram_memTests.o
                0x00031610                qdr2_sram_addr_walking_1s_test
                0x000320c8                qdr2_sram_ieee_column_test
                0x000310c0                qdr2_sram_addr_bounce_droop_test
                0x000317b4                qdr2_sram_bounce_droop_test
                0x00031d50                qdr2_sram_walking_0s_test
                0x00031288                qdr2_sram_addr_crosstalk_test
                0x00030ee4                qdr2_sram_address_test
                0x0003146c                qdr2_sram_addr_walking_0s_test
                0x000322a8                qdr2_sram_ieee_march_b_test
                0x00032464                qdr2_sram_clear_memory
                0x00031f0c                qdr2_sram_walking_1s_test
                0x00031994                qdr2_sram_crosstalk_test
                0x00031b74                qdr2_sram_pattern_test
 .text          0x00032620       0x2c pkt/sw/se/ppa/obj/asg/diags_ppa3/diags/diag_ppa/access_memtest/src/ppa30/dsram_access.o
                0x00032620                dsram_access_read
                0x00032638                dsram_access_write
 .text          0x0003264c      0x224 pkt/sw/se/ppa/obj/asg/diags_ppa3/diags/diag_ppa/access_memtest/src/ppa30/dsram_memTests_priv.o
                0x0003264c                dsram_align_address
                0x00032740                dsram_check_address
                0x00032864                dsram_end_addr
 .text          0x00032870      0x978 pkt/sw/se/ppa/obj/asg/diags_ppa3/diags/diag_ppa/access_memtest/src/ppa30/dsram_memTests.o
                0x00032c58                dsram_cell_test
                0x00032a9c                dsram_data_test
                0x00032e9c                dsram_quick_test
                0x00033100                dsram_march_test
                0x00032870                dsram_address_test
 .text          0x000331e8      0x100 pkt/sw/se/ppa/obj/asg/diags_ppa3/diags/diag_ppa/xcb/src/ppa3_icache_ecc_test.o
                0x000331e8                clear_ecc_error_regs
 .text          0x000332e8      0x4b8 pkt/sw/se/ppa/obj/asg/diags_ppa3/diags/diag_ppa/xcb/src/ppa3_dcache_ecc_test.o
                0x0003337c                block_load_d_cache
                0x00033514                dcache_force_1b_error
                0x0003346c                check_dcb_ecc_error_regs
                0x000333b0                block_store_d_cache
                0x000332e8                wait_for_dcb_idle
                0x000333e0                clear_dcb_ecc_error_regs
                0x0003333c                invalidate_d_cache
 .text          0x000337a0    0x32a44 pkt/sw/se/ppa/obj/asg/diags_ppa3/diags/diag_ppa/xcb/src/icache_pattern.o
                0x000337a0                _icache_pattern
 .text          0x000661e4       0x10 pkt/sw/se/ppa/obj/asg/diags_ppa3/diags/diag_ppa/xcb/src/icache_parity_gen.o
                0x000661e4                _icache_parity_gen
 .text          0x000661f4      0x510 pkt/sw/se/ppa/obj/asg/diags_ppa3/diags/diag_ppa/interrupt/src/inter_eu_test.o
                0x00066618                inter_eu_interrupt_test
                0x000662a4                set_eu_interrupt
                0x0006635c                test_single_eu_interrupt
                0x00066258                enable_inter_eu_interrupts
                0x000661f4                monitor_interrupt_test
                0x0006653c                test_eu_interrupts
 .text          0x00066704      0x160 pkt/sw/se/ppa/obj/asg/diags_ppa3/chip_attr/src/chip_attr_ppa3.o
                0x000667b4                chip_attr_find
                0x000667f4                chip_attr_init
 .text          0x00066864      0xfa8 pkt/sw/se/ppa/obj/asg/ppa3-libs/src.a(mct_isr.o)
                0x00066e4c                mct_addr_detail
                0x000669b8                mct_eu_access_err_handler
                0x000675d4                mct_debug_handler
                0x00066864                mct_addr_type_ident
                0x0006750c                mct_show_debug_state
                0x000677b8                mct_isr
                0x00066c60                mct_ces_mdu_protect_err_handler
                0x00066c04                mct_access_violation_handler
                0x00067690                mct_isr_snapshot
                0x00066da4                mct_lin_mdu_protect_err_handler
                0x00066884                mct_strobe_drc
                0x000671e8                mct_debug_drc
 .text          0x0006780c      0x5f8 pkt/sw/se/ppa/obj/asg/ppa3-libs/src.a(bit.o)
                0x00067b68                bit_decode_mask
                0x000678c0                bit_update_counter
                0x00067ab8                bit_decode_group
                0x000678a4                bit_count_all_zeros
                0x000678e4                bit_decode
                0x00067dd4                bit_display_memory
                0x00067db8                bit_decode_infod_eu_bitmask
                0x0006780c                bit_count_display
                0x00067c74                bit_decode_bitmask
 .text          0x00067e04      0x2b4 pkt/sw/se/ppa/obj/asg/ppa3-libs/src.a(mct_snapshot_v3.o)
                0x00067e04                mct_snapshot
 .text          0x000680b8      0xacc pkt/sw/se/ppa/obj/asg/ppa3-libs/src.a(ppa_interrupt.o)
                0x0006889c                isr_request_reload
                0x000685e8                ppa_isr
                0x00068734                ppa_debug_isr
 .text          0x00068b84      0xf6c pkt/sw/se/ppa/obj/asg/ppa3-libs/src.a(mct_state.o)
                0x00068e70                mct_show_config_brief
                0x00069264                mct_show_config
                0x00068b84                mct_pm_description
                0x00068cdc                mct_show_pm_counters
                0x00068bfc                mct_show_syndrome
                0x00068ba0                mct_set_pm
 .text          0x00069af0      0x4c0 pkt/sw/se/ppa/obj/asg/ppa3-libs/src.a(memory_dump.o)
                0x00069e84                memory_dump
 .text          0x00069fb0      0x110 pkt/sw/se/ppa/obj/asg/ppa3-libs/src.a(xcb_isr.o)
                0x00069fb0                dcb_illegal_memop_handler
 .text          0x0006a0c0      0x490 pkt/sw/se/ppa/obj/asg/ppa3-libs/src.a(scl_isr.o)
                0x0006a2d8                scl_done_handler
                0x0006a130                scl_dma_done_handler
 .text          0x0006a550      0x2c0 pkt/sw/se/ppa/obj/asg/ppa3-libs/src.a(red_isr.o)
                0x0006a5b8                wred_err_handler
 .text          0x0006a810       0xfc pkt/sw/se/ppa/obj/asg/ppa3-libs/src.a(roc_isr.o)
                0x0006a810                roc_err_handler
 .text          0x0006a90c      0x298 pkt/sw/se/ppa/obj/asg/ppa3-libs/src.a(fmg_isr.o)
                0x0006aad0                fmg_dcc_err_handler
                0x0006a90c                fmg_err_handler
 .text          0x0006aba4      0x1f0 pkt/sw/se/ppa/obj/asg/ppa3-libs/src.a(lin_isr_v3.o)
                0x0006aba4                lin_err_handler
 .text          0x0006ad94       0x90 pkt/sw/se/ppa/obj/asg/ppa3-libs/src.a(qus_isr.o)
                0x0006ad94                qus_err_handler
 .text          0x0006ae24       0x74 pkt/sw/se/ppa/obj/asg/ppa3-libs/src.a(nse_isr_v3.o)
                0x0006ae24                nse_err_handler
 .text          0x0006ae98       0x74 pkt/sw/se/ppa/obj/asg/ppa3-libs/src.a(qdr_isr_v3.o)
                0x0006ae98                qdr_err_handler
 .text          0x0006af0c       0xec pkt/sw/se/ppa/obj/asg/ppa3-libs/src.a(spi_isr_v3.o)
                0x0006af0c                spi_err_handler
 .text          0x0006aff8       0xec pkt/sw/se/ppa/obj/asg/ppa3-libs/src.a(spe_isr_v3.o)
                0x0006aff8                spe_err_handler
 .text          0x0006b0e4      0xd4c pkt/sw/se/ppa/obj/asg/ppa3-libs/src.a(ces_state_v3.o)
                0x0006ba0c                ces_show_vof_state
                0x0006b0fc                ces_show_counters
                0x0006b1a4                ces_show_descriptor
                0x0006b298                ces_show_vof_dma_current_state
                0x0006b120                ces_show_vof_flow_control_state
                0x0006bca8                ces_show_config
                0x0006b424                ces_show_vof_dma_prefetch_state
                0x0006b0e4                ces_pm_description
                0x0006b640                ces_show_vof_descriptor_cache_by_index
                0x0006bb40                ces_show_vof_descriptor_cache_by_vof
                0x0006b784                ces_show_vof_status
                0x0006b5d8                ces_mdu_header_read_err_handler
 .text          0x0006be30      0x30c pkt/sw/se/ppa/obj/asg/ppa3-libs/src.a(eu_context.o)
                0x0006c0e8                print_eu_context
                0x0006be30                eu_context_psr_ident
                0x0006bf1c                eu_context_scl_ident
                0x0006bf64                eu_context_ident
 .text          0x0006c13c      0x1b8 pkt/sw/se/ppa/obj/asg/ppa3-libs/src.a(ppa_call_stack.o)
                0x0006c1f8                ppa_backtrace
                0x0006c13c                ppa_call_frame_valid
                0x0006c190                ppa_call_stack
 .text          0x0006c2f4      0x644 pkt/sw/se/ppa/obj/asg/ppa3-libs/src.a(roc_state.o)
                0x0006c8d8                roc_show_context_range
                0x0006c420                roc_show_output_queue
                0x0006c688                roc_show_context
                0x0006c548                roc_show_flush_queue
                0x0006c2f4                roc_show_packet_descriptor_ram
 .text          0x0006c938      0x1c4 pkt/sw/se/ppa/obj/asg/ppa3-libs/src.a(scl_isr_v3.o)
                0x0006ca84                scl_done_additional_handler
 .text          0x0006cafc      0x14c pkt/sw/se/ppa/obj/asg/ppa3-libs/src.a(roc_isr_v3.o)
                0x0006cb58                roc_pif_req_err_handler
                0x0006cafc                roc_pri_sec_pipe_err_handler
 .text          0x0006cc48      0x32c pkt/sw/se/ppa/obj/asg/ppa3-libs/src.a(aam_state.o)
                0x0006ccd8                aam_show_config
                0x0006cdf4                aam_show_counters
                0x0006cc84                aam_show_status
                0x0006cc48                aam_show_debug_reg
 .text          0x0006cf74     0x107c pkt/sw/se/ppa/obj/asg/ppa3-libs/src.a(qus_state.o)
                0x0006d048                qus_show_cct_rate_state
                0x0006d3dc                qus_show_rate_profile
                0x0006d204                qus_show_q_occupancy
                0x0006df7c                qus_show_vof_detail
                0x0006cf8c                qus_pm_description
                0x0006d4f0                qus_show_vof_state
                0x0006d89c                qus_show_q_state
                0x0006cfdc                qus_set_scan_depth
                0x0006d698                qus_show_cct_scan_state
                0x0006cf74                qus_pm_event
                0x0006de18                qus_show_flow_control_state
                0x0006d000                qus_show_debug
                0x0006cfac                qus_set_pm
                0x0006d0e8                qus_show_pm_counters
 .text          0x0006dff0      0x1a0 pkt/sw/se/ppa/obj/asg/ppa3-libs/src.a(qus_util.o)
                0x0006dff0                GET_QUS_VOF_FROM_CCT
                0x0006e058                SET_QUS_CCT_SCAN_STATE
 .text          0x0006e190      0x2b4 pkt/sw/se/ppa/obj/asg/ppa3-libs/src.a(lop_state_v3.o)
                0x0006e1c0                lop_start_vof
                0x0006e39c                lop_show_config
                0x0006e3f0                lop_show_counters
                0x0006e1f8                lop_show_rae_occupancy
                0x0006e190                lop_stop_vof
 .text          0x0006e444       0xe0 pkt/sw/se/ppa/obj/asg/ppa3-libs/pthread.a(eu_bitmask_v2.o)
                0x0006e4bc                infod_eu_bitmask_ident
                0x0006e444                eu_bitmask_ident
 .text          0x0006e524     0x1824 pkt/sw/se/ppa/obj/asg/ppa3-libs/c.a(doprint.o)
                0x0006e594                _doprnt
                0x0006e524                fputc
 .text          0x0006fd48       0x14 pkt/sw/se/ppa/obj/asg/ppa3-libs/c.a(strlen.o)
                0x0006fd48                strlen
 .text          0x0006fd5c      0x168 pkt/sw/se/ppa/obj/asg/ppa3-libs/c.a(printf.o)
                0x0006fd5c                printf
                0x0006fe1c                vsprintf
                0x0006fe64                vsnprintf
                0x0006fdd8                vprintf
                0x0006fdfc                vfprintf
 .text          0x0006fec4       0xcc pkt/sw/se/ppa/obj/asg/ppa3-libs/c.a(sprintf.o)
                0x0006ff40                snprintf
                0x0006fec4                sprintf
 .text          0x0006ff90       0x48 pkt/sw/se/ppa/obj/asg/ppa3-libs/c.a(rand.o)
                0x0006ff90                rand
                0x0006ffcc                srand
 .text          0x0006ffd8       0x58 pkt/sw/se/ppa/obj/asg/ppa3-libs/c.a(fprintf.o)
                0x0006ffd8                fprintf
 .text          0x00070030      0x234 pkt/sw/se/ppa/obj/asg/ppa3-libs/c.a(strtol.o)
                0x0007022c                strtoul
                0x00070248                strtol
 .text          0x00070264       0x38 pkt/sw/se/ppa/obj/asg/ppa3-libs/c.a(strncat.o)
                0x00070264                strncat
 .text          0x0007029c       0xa4 pkt/sw/se/ppa/obj/asg/ppa3-libs/c.a(fflush.o)
                0x0007029c                fflush
 .text          0x00070340       0x58 pkt/sw/se/ppa/obj/asg/ppa3-libs/c.a(ppa_flock.o)
                0x00070340                ppa_funlock
                0x00070374                ppa_flock
                0x00070364                ppa_flock_honor_lock_requests
 .text          0x00070398        0xc pkt/sw/se/ppa/obj/asg/ppa3-libs/c.a(localeconv.o)
                0x00070398                localeconv
 .text          0x000703a4       0x3c pkt/sw/se/ppa/obj/asg/ppa3-libs/c.a(isinf.o)
                0x000703a4                isinf
 .text          0x000703e0       0x3c pkt/sw/se/ppa/obj/asg/ppa3-libs/c.a(isnan.o)
                0x000703e0                isnan
 .text          0x0007041c     0x2788 pkt/sw/se/ppa/obj/asg/ppa3-libs/c.a(strtod.o)
                0x00071ec0                strtod
                0x00071018                __dtoa
 .text          0x00072ba4       0x24 pkt/sw/se/ppa/obj/asg/ppa3-libs/c.a(memchr.o)
                0x00072ba4                memchr
 .text          0x00072bc8       0x14 pkt/sw/se/ppa/obj/asg/ppa3-libs/c.a(tolower.o)
                0x00072bc8                tolower
 .text          0x00072bdc       0x4e /tools/swdev/packages/fsf/ppa-tools-2005-20070921/lib/gcc/ppa-redback-elf/4.0.0/misa-3/libgcc.a(_udivsi3.o)
                0x00072bdc                __udivsi3
 *fill*         0x00072c2a        0x2
 .text          0x00072c2c       0xf8 /tools/swdev/packages/fsf/ppa-tools-2005-20070921/lib/gcc/ppa-redback-elf/4.0.0/misa-3/libgcc.a(_muldi3.o)
                0x00072c2c                __muldi3
 .text          0x00072d24        0x8 /tools/swdev/packages/fsf/ppa-tools-2005-20070921/lib/gcc/ppa-redback-elf/4.0.0/misa-3/libgcc.a(_mulsi3.o)
                0x00072d24                __mulsi3
 .text          0x00072d2c       0x4c /tools/swdev/packages/fsf/ppa-tools-2005-20070921/lib/gcc/ppa-redback-elf/4.0.0/misa-3/libgcc.a(_umodsi3.o)
                0x00072d2c                __umodsi3
 .text          0x00072d78       0x74 /tools/swdev/packages/fsf/ppa-tools-2005-20070921/lib/gcc/ppa-redback-elf/4.0.0/misa-3/libgcc.a(_lt_df.o)
                0x00072d78                __ltdf2
 .text          0x00072dec       0x74 /tools/swdev/packages/fsf/ppa-tools-2005-20070921/lib/gcc/ppa-redback-elf/4.0.0/misa-3/libgcc.a(_ne_df.o)
                0x00072dec                __nedf2
 .text          0x00072e60       0x74 /tools/swdev/packages/fsf/ppa-tools-2005-20070921/lib/gcc/ppa-redback-elf/4.0.0/misa-3/libgcc.a(_eq_df.o)
                0x00072e60                __eqdf2
 .text          0x00072ed4       0x60 /tools/swdev/packages/fsf/ppa-tools-2005-20070921/lib/gcc/ppa-redback-elf/4.0.0/misa-3/libgcc.a(_modsi3.o)
                0x00072ed4                __modsi3
 .text          0x00072f34       0x62 /tools/swdev/packages/fsf/ppa-tools-2005-20070921/lib/gcc/ppa-redback-elf/4.0.0/misa-3/libgcc.a(_divsi3.o)
                0x00072f34                __divsi3
 *fill*         0x00072f96        0x2
 .text          0x00072f98      0x470 /tools/swdev/packages/fsf/ppa-tools-2005-20070921/lib/gcc/ppa-redback-elf/4.0.0/misa-3/libgcc.a(_umoddi3.o)
                0x00072f98                __umoddi3
 .text          0x00073408      0x4e4 /tools/swdev/packages/fsf/ppa-tools-2005-20070921/lib/gcc/ppa-redback-elf/4.0.0/misa-3/libgcc.a(_udivdi3.o)
                0x00073408                __udivdi3
 .text          0x000738ec       0xbc /tools/swdev/packages/fsf/ppa-tools-2005-20070921/lib/gcc/ppa-redback-elf/4.0.0/misa-3/libgcc.a(_si_to_df.o)
                0x000738ec                __floatsidf
 .text          0x000739a8      0x388 /tools/swdev/packages/fsf/ppa-tools-2005-20070921/lib/gcc/ppa-redback-elf/4.0.0/misa-3/libgcc.a(_addsub_df.o)
                0x00073cc4                __adddf3
                0x00073c50                __subdf3
 .text          0x00073d30      0x318 /tools/swdev/packages/fsf/ppa-tools-2005-20070921/lib/gcc/ppa-redback-elf/4.0.0/misa-3/libgcc.a(_mul_df.o)
                0x00073d30                __muldf3
 .text          0x00074048       0xb4 /tools/swdev/packages/fsf/ppa-tools-2005-20070921/lib/gcc/ppa-redback-elf/4.0.0/misa-3/libgcc.a(_df_to_si.o)
                0x00074048                __fixdfsi
 .text          0x000740fc      0x1b4 /tools/swdev/packages/fsf/ppa-tools-2005-20070921/lib/gcc/ppa-redback-elf/4.0.0/misa-3/libgcc.a(_div_df.o)
                0x000740fc                __divdf3
 .text          0x000742b0       0x74 /tools/swdev/packages/fsf/ppa-tools-2005-20070921/lib/gcc/ppa-redback-elf/4.0.0/misa-3/libgcc.a(_gt_df.o)
                0x000742b0                __gtdf2
 .text          0x00074324       0x74 /tools/swdev/packages/fsf/ppa-tools-2005-20070921/lib/gcc/ppa-redback-elf/4.0.0/misa-3/libgcc.a(_ge_df.o)
                0x00074324                __gedf2
 .text          0x00074398       0x74 /tools/swdev/packages/fsf/ppa-tools-2005-20070921/lib/gcc/ppa-redback-elf/4.0.0/misa-3/libgcc.a(_le_df.o)
                0x00074398                __ledf2
 .text          0x0007440c       0xe4 /tools/swdev/packages/fsf/ppa-tools-2005-20070921/lib/gcc/ppa-redback-elf/4.0.0/misa-3/libgcc.a(_unpack_df.o)
                0x0007440c                __unpack_d
 .text          0x000744f0       0xa4 /tools/swdev/packages/fsf/ppa-tools-2005-20070921/lib/gcc/ppa-redback-elf/4.0.0/misa-3/libgcc.a(_fpcmp_parts_df.o)
                0x000744f0                __fpcmp_parts_d
 .text          0x00074594      0x1fc /tools/swdev/packages/fsf/ppa-tools-2005-20070921/lib/gcc/ppa-redback-elf/4.0.0/misa-3/libgcc.a(_pack_df.o)
                0x00074594                __pack_d
 *(.static_text)
 *(.text2)
 *(.boot)
 *(.init)
 *(.info_subsys)
 *(.infra_subsys)
 *(.acl_subsys)
 *(.qos_subsys)
 *(.bridge_subsys)
 *(.pedgr_subsys)
 *(.nat_subsys)
 *(.tap_subsys)
 *fill*         0x00074790       0x10
                0x000747a0                .=ALIGN(0x20)
                0x000747a0                etext=.
                0x00120000                D_SRAM_SHADOW=((0x0|ALIGN(0x100000))|0x20000)
                0x06080000                isram_shadow=(ALIGN(0x40000)|0x6000000)
                0x060c0000                isram_scratch_any=(isram_shadow+0x40000)
                0x06100000                isram_scratch_eu1=(isram_scratch_any+0x40000)
                0x00000000                dram_start_nc=0x0
                0x00000000                dram_start=0x0

.bss_nc
 *(.first_data)

SRAM            0x04340000    0x53040 load address 0x08140000
                0x04340000                startSHSRAM=.
 *(SHSRAM)
 SHSRAM         0x04340000       0x10 pkt/sw/se/ppa/obj/asg/ppa3-libs/src.a(mct_state.o)
                0x04340000                mct_state
 SHSRAM         0x04340010        0x4 pkt/sw/se/ppa/obj/asg/ppa3-libs/src.a(qus_state.o)
                0x04340010                sr_qus_recover_dispatcher
 *(.data_SHSRAM)
 *fill*         0x04340014        0xc
 .data_SHSRAM   0x04340020       0x20 pkt/sw/se/ppa/obj/asg/ppa3-libs/src.a(public_data.o)
                0x04340020                sr_ntp_delta
                0x04340030                sr_hw_isr
 *(SHSHLCK)
 *(.data_SHSHLCK)
 *(SRAM)
 SRAM           0x04340040       0x60 pkt/sw/se/ppa/obj/asg/diags_ppa3/diags/diag_ppa/test_main/src/rcon_standalone.o
                0x04340080                _rcon_in
                0x04340060                _rcon_out
                0x04340040                _rcon_err
 SRAM           0x043400a0     0x1e00 pkt/sw/se/ppa/obj/asg/diags_ppa3/diags/diag_ppa/test_main/src/diag_ppa_main.o
                0x043400a0                cmd_array
 SRAM           0x04341ea0       0x28 pkt/sw/se/ppa/obj/asg/diags_ppa3/diags/diag_ppa/memtest/src/memTest.o
                0x04341ea0                bit_patterns
 SRAM           0x04341ec8       0x54 pkt/sw/se/ppa/obj/asg/diags_ppa3/diags/diag_ppa/memtest/src/memIEEE.o
                0x04341ec8                masked_patterns_4B
                0x04341f10                masked_patterns_1B
                0x04341ef8                masked_patterns_2B
 SRAM           0x04341f1c      0x340 pkt/sw/se/ppa/obj/asg/diags_ppa3/diags/diag_ppa/memtest/src/memMain.o
                0x04341f1c                RetArr
                0x0434209c                Base
                0x0434219c                merr_count
                0x0434216c                regionErrCount
                0x04341fdc                Range
                0x0434215c                mct_end
 SRAM           0x0434225c      0x180 pkt/sw/se/ppa/obj/asg/diags_ppa3/diags/diag_ppa/scl_test/src/diag_ppa_scl.o
                0x0434231c                Buf
                0x0434225c                InitBufPtr
 SRAM           0x043423dc       0x38 pkt/sw/se/ppa/obj/asg/diags_ppa3/diags/diag_ppa/access_memtest/src/memAccess/memAccessTest.o
                0x043423e4                bounce_droop_patterns
                0x043423dc                crosstalk_patterns
                0x043423ec                access_bit_patterns
 SRAM           0x04342414       0x34 pkt/sw/se/ppa/obj/asg/diags_ppa3/diags/diag_ppa/access_memtest/src/memAccess/memAccessIEEE.o
                0x04342414                col_test_pattern
 SRAM           0x04342448      0x108 pkt/sw/se/ppa/obj/asg/diags_ppa3/diags/diag_ppa/access_memtest/src/ppa30/ddr2_sdram_access.o
                0x043424c8                ddr2_sdram_access_2G_8bank_fetch_flush_xor
                0x04342528                ddr2_sdram_access_2G_8bank
                0x04342508                ddr2_sdram_access_2G_8bank_xor
                0x043424a8                ddr2_sdram_access_2G_8bank_decode
                0x043424e8                ddr2_sdram_access_2G_8bank_fetch_flush
                0x0434254c                ddr2_sdram_param_2G_8bank
                0x04342468                ddr2_sdram_access_2G_8bank_decode_fetch_flush
                0x04342548                ddr2_sdram_param_2G_8bank_xor
                0x04342448                ddr2_sdram_access_2G_8bank_decode_xor_fetch_flush
                0x04342488                ddr2_sdram_access_2G_8bank_decode_xor
 SRAM           0x04342550        0x8 pkt/sw/se/ppa/obj/asg/diags_ppa3/diags/diag_ppa/access_memtest/src/ppa30/ddr2_sdram_memTests_priv.o
                0x04342554                ddr2_sdram_device_banks
                0x04342550                ddr2_sdram_device_size
 SRAM           0x04342558      0x7a8 pkt/sw/se/ppa/obj/asg/diags_ppa3/diags/diag_ppa/access_memtest/src/ppa30/qdr2_sram_access.o
                0x04342c80                qdr2_sram_access_bottom_asc
                0x04342558                qdr2_sram_err_cnt
                0x04342c00                qdr2_sram_access_top_asc
                0x04342cc0                qdr2_sram_access_bottom_fast
                0x04342c60                qdr2_sram_access_top
                0x04342c20                qdr2_sram_access_top_alt_fast
                0x04342ca0                qdr2_sram_access_bottom_alt_fast
                0x0434255c                qdr2_sram_err_log
                0x04342ce0                qdr2_sram_access_bottom
                0x04342b9c                qdr2_sram_addr_log
                0x04342c40                qdr2_sram_access_top_fast
 SRAM           0x04342d00       0x28 pkt/sw/se/ppa/obj/asg/diags_ppa3/diags/diag_ppa/xcb/src/ppa3_dcache_pattern_test.o
                0x04342d00                dcache_bit_patterns
 SRAM           0x04342d28       0x80 pkt/sw/se/ppa/obj/asg/ppa3-libs/src.a(mct_isr.o)
                0x04342d28                sr_ppa_error_fmg_scrub
 SRAM           0x04342da8        0x4 pkt/sw/se/ppa/obj/asg/ppa3-libs/src.a(ppa_interrupt.o)
 *fill*         0x04342dac       0x14
 SRAM           0x04342dc0       0x20 pkt/sw/se/ppa/obj/asg/ppa3-libs/src.a(public_data.o)
                0x04342dc0                sr_ppa_error_config
 SRAM           0x04342de0        0x4 pkt/sw/se/ppa/obj/asg/ppa3-libs/c.a(fflush.o)
                0x04342de0                fflush_lock
 SRAM           0x04342de4        0x8 pkt/sw/se/ppa/obj/asg/ppa3-libs/c.a(ppa_flock.o)
                0x04342de4                eu_io_lock
 *(.data_SRAM)
 .data_SRAM     0x04342dec       0x18 pkt/sw/se/ppa/obj/asg/diags_ppa3/chip_attr/src/chip_attr_ppa3.o
                0x04342dec                sr_chip_attr_cached
                0x04342e04                endStaticSHSRAM=ALIGN(0x2)
                0x04342e04                endSRAM=.
 *fill*         0x04342e04       0x1c
                0x04342e20                .=ALIGN(0x20)
                0x04342e20                sdata=.
                0x04342e20                data=sdata
                0x04342e20                card_attr_raw=.
 *(.card_attr)
                0x04342e20                card_attr_raw_limit=.
                0x04342e20                .=ALIGN(0x20)
                0x04342e20                aaa_registrant=.
 *(.aaa_registrant)
                0x04342e20                aaa_registrant_end=.
                0x04342e20                ctors=.
 *(.ctors)
                0x04342e20                ectors=.
                0x04342e20        0x4 LONG 0x0
 *(.rodata)
 .rodata        0x04342e24        0x4 pkt/sw/se/ppa/obj/asg/diags_ppa3/src/isr_standalone.o
 .rodata        0x04342e28      0x294 pkt/sw/se/ppa/obj/asg/diags_ppa3/diags/diag_ppa/test_main/src/diag_ppa.o
 .rodata        0x043430bc      0x1cc pkt/sw/se/ppa/obj/asg/diags_ppa3/diags/diag_ppa/test_main/src/diag_ppa_main.o
 .rodata        0x04343288     0x11a4 pkt/sw/se/ppa/obj/asg/diags_ppa3/diags/diag_ppa/memtest/src/memTest.o
                0x043432ec                ecc_wr_rd_pattern
 .rodata        0x0434442c      0x118 pkt/sw/se/ppa/obj/asg/diags_ppa3/diags/diag_ppa/memtest/src/memIEEE.o
                0x0434442c                num_col_test_32_full_patterns
                0x04344460                num_col_test_32_min_patterns
                0x04344464                col_test_32_min_pattern
                0x04344430                col_test_32_full_pattern
 .rodata        0x04344544      0x1cc pkt/sw/se/ppa/obj/asg/diags_ppa3/diags/diag_ppa/memtest/src/local_rd_lat_delay_scan.o
 .rodata        0x04344710      0x124 pkt/sw/se/ppa/obj/asg/diags_ppa3/diags/diag_ppa/ppa3_cop/src/ppa3_cop.o
 .rodata        0x04344834       0x64 pkt/sw/se/ppa/obj/asg/diags_ppa3/diags/diag_ppa/ppa3_cop/src/ppa3_cop_ret_zero.o
 .rodata        0x04344898       0x64 pkt/sw/se/ppa/obj/asg/diags_ppa3/diags/diag_ppa/ppa3_cop/src/ppa3_cop_ret_one.o
 .rodata        0x043448fc      0x244 pkt/sw/se/ppa/obj/asg/diags_ppa3/diags/diag_ppa/ppa3_cop/src/ppa3_cop_compare.o
 .rodata        0x04344b40      0x12c pkt/sw/se/ppa/obj/asg/diags_ppa3/diags/diag_ppa/ppa3_cop/src/ppa3_cop_compare_w_mask.o
 .rodata        0x04344c6c      0x110 pkt/sw/se/ppa/obj/asg/diags_ppa3/diags/diag_ppa/ppa3_cop/src/ppa3_cop_compact.o
 .rodata        0x04344d7c      0x158 pkt/sw/se/ppa/obj/asg/diags_ppa3/diags/diag_ppa/ppa3_cop/src/ppa3_cop_compact_hash.o
 .rodata        0x04344ed4      0x3b0 pkt/sw/se/ppa/obj/asg/diags_ppa3/diags/diag_ppa/tcam/src/NL7000.o
 .rodata        0x04345284      0x48c pkt/sw/se/ppa/obj/asg/diags_ppa3/diags/diag_ppa/tcam/src/ppa3_nse.o
 .rodata        0x04345710      0x278 pkt/sw/se/ppa/obj/asg/diags_ppa3/diags/diag_ppa/tcam/src/Ppa3TCAM.o
 .rodata        0x04345988       0xec pkt/sw/se/ppa/obj/asg/diags_ppa3/diags/diag_ppa/tcam/src/init_ppa3_tcam.o
 .rodata        0x04345a74      0x81c pkt/sw/se/ppa/obj/asg/diags_ppa3/diags/diag_ppa/tcam/src/ppa3_tcam_memtest.o
 .rodata        0x04346290      0x1ac pkt/sw/se/ppa/obj/asg/diags_ppa3/diags/diag_ppa/tcam/src/ppa3_tcam_compare.o
 .rodata        0x0434643c       0xac pkt/sw/se/ppa/obj/asg/diags_ppa3/diags/diag_ppa/tcam/src/ppa3_tcam_stress.o
 .rodata        0x043464e8       0xd4 pkt/sw/se/ppa/obj/asg/diags_ppa3/diags/diag_ppa/tcam/src/ppa3_tcam_result_bus.o
 .rodata        0x043465bc      0x188 pkt/sw/se/ppa/obj/asg/diags_ppa3/diags/diag_ppa/mailbox/src/ppa3_mailbox_testlib.o
 .rodata        0x04346744       0xf0 pkt/sw/se/ppa/obj/asg/diags_ppa3/diags/diag_ppa/mailbox/src/ppa3_pvt_mbox_singleEu.o
 .rodata        0x04346834       0xec pkt/sw/se/ppa/obj/asg/diags_ppa3/diags/diag_ppa/mailbox/src/ppa3_gbl_mbox_singleEu.o
 .rodata        0x04346920       0xec pkt/sw/se/ppa/obj/asg/diags_ppa3/diags/diag_ppa/mailbox/src/ppa3_gbl_mbox_multiEu.o
 .rodata        0x04346a0c       0xb8 pkt/sw/se/ppa/obj/asg/diags_ppa3/diags/diag_ppa/mailbox/src/ppa3_pvt_mbox_multiEu.o
 .rodata        0x04346ac4       0xc4 pkt/sw/se/ppa/obj/asg/diags_ppa3/diags/diag_ppa/mailbox/src/ppa3_pvt_mbox_eu_ring.o
 .rodata        0x04346b88       0xbc pkt/sw/se/ppa/obj/asg/diags_ppa3/diags/diag_ppa/mailbox/src/ppa3_gbl_mbox_eu_ring.o
 .rodata        0x04346c44        0xc pkt/sw/se/ppa/obj/asg/diags_ppa3/diags/diag_ppa/scl_test/src/sclTest.o
 .rodata        0x04346c50      0x228 pkt/sw/se/ppa/obj/asg/diags_ppa3/diags/diag_ppa/scl_test/src/diag_ppa_scl.o
 .rodata        0x04346e78       0x40 pkt/sw/se/ppa/obj/asg/diags_ppa3/diags/diag_ppa/access_memtest/src/memAccess/memAccess_priv.o
 .rodata        0x04346eb8      0x10c pkt/sw/se/ppa/obj/asg/diags_ppa3/diags/diag_ppa/access_memtest/src/memAccess/memAccessSupport.o
 .rodata        0x04346fc4      0x428 pkt/sw/se/ppa/obj/asg/diags_ppa3/diags/diag_ppa/access_memtest/src/memAccess/memAccessTest.o
                0x04346fcc                num_access_bit_patterns
                0x04346fc4                num_crosstalk_patterns
                0x04346fc8                num_bounce_droop_patterns
 .rodata        0x043473ec      0x190 pkt/sw/se/ppa/obj/asg/diags_ppa3/diags/diag_ppa/access_memtest/src/memAccess/memAccessIEEE.o
                0x043473ec                num_col_test_patterns
 .rodata        0x0434757c      0x4c4 pkt/sw/se/ppa/obj/asg/diags_ppa3/diags/diag_ppa/access_memtest/src/ppa30/ddr2_sdram_access.o
 .rodata        0x04347a40      0x238 pkt/sw/se/ppa/obj/asg/diags_ppa3/diags/diag_ppa/access_memtest/src/ppa30/ddr2_sdram_memTests_priv.o
 .rodata        0x04347c78      0x80c pkt/sw/se/ppa/obj/asg/diags_ppa3/diags/diag_ppa/access_memtest/src/ppa30/ddr2_sdram_memTests.o
 .rodata        0x04348484      0x1cc pkt/sw/se/ppa/obj/asg/diags_ppa3/diags/diag_ppa/access_memtest/src/ppa30/spad_memTests_priv.o
 .rodata        0x04348650      0x920 pkt/sw/se/ppa/obj/asg/diags_ppa3/diags/diag_ppa/access_memtest/src/ppa30/spad_memTests.o
 .rodata        0x04348f70       0x68 pkt/sw/se/ppa/obj/asg/diags_ppa3/diags/diag_ppa/access_memtest/src/ppa30/qdr2_sram_access.o
 .rodata        0x04348fd8      0x140 pkt/sw/se/ppa/obj/asg/diags_ppa3/diags/diag_ppa/access_memtest/src/ppa30/qdr2_sram_memTests_priv.o
 .rodata        0x04349118      0x9e4 pkt/sw/se/ppa/obj/asg/diags_ppa3/diags/diag_ppa/access_memtest/src/ppa30/qdr2_sram_memTests.o
 .rodata        0x04349afc      0x1d0 pkt/sw/se/ppa/obj/asg/diags_ppa3/diags/diag_ppa/access_memtest/src/ppa30/dsram_memTests_priv.o
 .rodata        0x04349ccc      0x2e0 pkt/sw/se/ppa/obj/asg/diags_ppa3/diags/diag_ppa/access_memtest/src/ppa30/dsram_memTests.o
 .rodata        0x04349fac      0x20c pkt/sw/se/ppa/obj/asg/diags_ppa3/diags/diag_ppa/xcb/src/ppa3_dcache_pattern_test.o
 .rodata        0x0434a1b8       0xb4 pkt/sw/se/ppa/obj/asg/diags_ppa3/diags/diag_ppa/xcb/src/ppa3_icache_ecc_test.o
 .rodata        0x0434a26c      0x244 pkt/sw/se/ppa/obj/asg/diags_ppa3/diags/diag_ppa/xcb/src/ppa3_dcache_ecc_test.o
 .rodata        0x0434a4b0      0x2e4 pkt/sw/se/ppa/obj/asg/diags_ppa3/diags/diag_ppa/interrupt/src/inter_eu_test.o
 .rodata        0x0434a794       0x48 pkt/sw/se/ppa/obj/asg/diags_ppa3/chip_attr/src/chip_attr_ppa3.o
 .rodata        0x0434a7dc       0x2c pkt/sw/se/ppa/obj/asg/diags_ppa3/src/diags_ppa3-version.o
 .rodata        0x0434a808     0x1654 pkt/sw/se/ppa/obj/asg/ppa3-libs/src.a(mct_isr.o)
                0x0434abb0                mct_syndrome_description
 .rodata        0x0434be5c      0x114 pkt/sw/se/ppa/obj/asg/ppa3-libs/src.a(bit.o)
 .rodata        0x0434bf70     0x14b8 pkt/sw/se/ppa/obj/asg/ppa3-libs/src.a(ppa_interrupt.o)
 .rodata        0x0434d428     0x35e8 pkt/sw/se/ppa/obj/asg/ppa3-libs/src.a(mct_state.o)
                0x0434d98c                ppa3lp_mct_dlldly_0_table
                0x0434e4f0                mct_pm_event
                0x0434eb94                mct_err_table
                0x0434d534                ppa3lp_mct_dlldly_4_table
                0x0434ef30                mct_dll_debug_2_table
                0x0434eeb0                mct_dll_debug_3_table
                0x0434f5c8                mct_dll_delay_1_table
                0x0434fe30                mct_dram_timing_config_0_table
                0x0434ea28                mct_err_table_dim
                0x0434ecf0                mct_dll_debug_5_table
                0x0434fc40                mct_dram_timing_config_1_table
                0x0434f6b8                mct_dll_delay_0_table
                0x04350360                mct_wrp_ram_data_table
                0x0434d788                ppa3lp_mct_dlldly_2_table
                0x0434f500                mct_dll_delay_2_table
                0x0434f438                mct_latch_delay_0_table
                0x0434f21c                mct_latch_delay_1_table
                0x0434d684                ppa3lp_mct_dlldly_3_table
                0x04350060                mct_misc_config_table
                0x04350464                mct_wrp_ram_addr_table
                0x0434f8d0                mct_dll_config_table
                0x0434d888                ppa3lp_mct_dlldly_1_table
                0x0434f064                mct_dll_debug_0_table
                0x04350128                mct_interrupt_enable_table
                0x0434ecbc                mct_dll_debug_6_table
                0x0434fb14                mct_bank_request_queue_config_table
                0x0434edb0                mct_dll_debug_4_table
                0x0434efb0                mct_dll_debug_1_table
                0x0434e8e8                mct_io_config_table
                0x0434fa20                mct_force_check_bits_table
 .rodata        0x04350a10       0x6c pkt/sw/se/ppa/obj/asg/ppa3-libs/src.a(memory_dump.o)
 .rodata        0x04350a7c      0x7cc pkt/sw/se/ppa/obj/asg/ppa3-libs/src.a(xcb_isr.o)
 .rodata        0x04351248      0x608 pkt/sw/se/ppa/obj/asg/ppa3-libs/src.a(scl_isr.o)
 .rodata        0x04351850      0x354 pkt/sw/se/ppa/obj/asg/ppa3-libs/src.a(red_isr.o)
 .rodata        0x04351ba4      0xa68 pkt/sw/se/ppa/obj/asg/ppa3-libs/src.a(roc_isr.o)
 .rodata        0x0435260c      0x5f0 pkt/sw/se/ppa/obj/asg/ppa3-libs/src.a(fmg_isr.o)
 .rodata        0x04352bfc      0x49c pkt/sw/se/ppa/obj/asg/ppa3-libs/src.a(lin_isr_v3.o)
 .rodata        0x04353098       0xb8 pkt/sw/se/ppa/obj/asg/ppa3-libs/src.a(qus_isr.o)
 .rodata        0x04353150      0x198 pkt/sw/se/ppa/obj/asg/ppa3-libs/src.a(nse_isr_v3.o)
 .rodata        0x043532e8       0x5c pkt/sw/se/ppa/obj/asg/ppa3-libs/src.a(qdr_isr_v3.o)
 .rodata        0x04353344      0x3f8 pkt/sw/se/ppa/obj/asg/ppa3-libs/src.a(spi_isr_v3.o)
 .rodata        0x0435373c      0x28c pkt/sw/se/ppa/obj/asg/ppa3-libs/src.a(spe_isr_v3.o)
 .rodata        0x043539c8     0x25fc pkt/sw/se/ppa/obj/asg/ppa3-libs/src.a(ces_state_v3.o)
 .rodata        0x04355fc4      0x6e8 pkt/sw/se/ppa/obj/asg/ppa3-libs/src.a(eu_context.o)
 .rodata        0x043566ac       0xac pkt/sw/se/ppa/obj/asg/ppa3-libs/src.a(ppa_call_stack.o)
 .rodata        0x04356758      0x560 pkt/sw/se/ppa/obj/asg/ppa3-libs/src.a(roc_state.o)
 .rodata        0x04356cb8       0xc8 pkt/sw/se/ppa/obj/asg/ppa3-libs/src.a(scl_isr_v3.o)
 .rodata        0x04356d80       0xc8 pkt/sw/se/ppa/obj/asg/ppa3-libs/src.a(roc_isr_v3.o)
 .rodata        0x04356e48     0x1748 pkt/sw/se/ppa/obj/asg/ppa3-libs/src.a(aam_state.o)
 .rodata        0x04358590     0x2998 pkt/sw/se/ppa/obj/asg/ppa3-libs/src.a(qus_state.o)
 .rodata        0x0435af28       0x50 pkt/sw/se/ppa/obj/asg/ppa3-libs/src.a(qus_util.o)
 .rodata        0x0435af78     0x1bc0 pkt/sw/se/ppa/obj/asg/ppa3-libs/src.a(lop_state_v3.o)
 .rodata        0x0435cb38       0x24 pkt/sw/se/ppa/obj/asg/ppa3-libs/pthread.a(eu_bitmask_v2.o)
                0x0435cb38                eu_bitmask_all_eus
                0x0435cb40                eu_bitmask_bg_eus
 .rodata        0x0435cb5c      0x1e0 pkt/sw/se/ppa/obj/asg/ppa3-libs/c.a(doprint.o)
 .rodata        0x0435cd3c       0x14 pkt/sw/se/ppa/obj/asg/ppa3-libs/c.a(localeconv.o)
 .rodata        0x0435cd50      0x140 pkt/sw/se/ppa/obj/asg/ppa3-libs/c.a(strtod.o)
 .rodata        0x0435ce90        0x8 pkt/sw/se/ppa/obj/asg/ppa3-libs/c.a(infinity.o)
                0x0435ce90                __infinity
 .rodata        0x0435ce98      0x100 /tools/swdev/packages/fsf/ppa-tools-2005-20070921/lib/gcc/ppa-redback-elf/4.0.0/misa-3/libgcc.a(_clz.o)
                0x0435ce98                __clz_tab
 .rodata        0x0435cf98       0x14 /tools/swdev/packages/fsf/ppa-tools-2005-20070921/lib/gcc/ppa-redback-elf/4.0.0/misa-3/libgcc.a(_thenan_df.o)
                0x0435cf98                __thenan_df
                0x0435cfac                erodata=.
 *fill*         0x0435cfac       0x14
                0x0435cfc0                .=ALIGN(0x20)
 *(.data_nc)
 .data_nc       0x0435cfc0      0x100 pkt/sw/se/ppa/obj/asg/diags_ppa3/diags/diag_ppa/test_main/src/diag_ppa.o
                0x0435cfc0                memtest_mbox
 .data_nc       0x0435d0c0     0x1000 pkt/sw/se/ppa/obj/asg/ppa3-libs/src.a(mct_isr.o)
                0x0435d0c0                mct_syndrome
                0x0435e0c0                .=ALIGN(0x20)
 *(.data)
 .data          0x0435e0c0       0x88 pkt/sw/se/ppa/obj/asg/diags_ppa3/src/uart_standalone.o
                0x0435e120                stdout
                0x0435e0f0                mct_io
                0x0435e0c0                swine_io
                0x0435e118                err_io
                0x0435e124                stdin
                0x0435e11c                stderr
                0x0435e0f4                isr_io
 *fill*         0x0435e148       0x18
 .data          0x0435e160       0x80 pkt/sw/se/ppa/obj/asg/diags_ppa3/diags/diag_ppa/test_main/src/locks.o
                0x0435e160                the_init_lock
                0x0435e1c0                the_scl_lock
                0x0435e1a0                the_access_lock
                0x0435e180                the_sync_lock
 .data          0x0435e1e0        0x4 pkt/sw/se/ppa/obj/asg/diags_ppa3/diags/diag_ppa/test_main/src/diag_rand.o
 .data          0x0435e1e4       0x18 pkt/sw/se/ppa/obj/asg/diags_ppa3/diags/diag_ppa/test_main/src/rcon_standalone.o
                0x0435e1e8                rconout
                0x0435e1e4                rconerr
                0x0435e1ec                rconin
 .data          0x0435e1fc       0x1c pkt/sw/se/ppa/obj/asg/diags_ppa3/diags/diag_ppa/test_main/src/diag_ppa_main.o
                0x0435e1fc                memt_verbosity_level
 .data          0x0435e218       0x7c pkt/sw/se/ppa/obj/asg/diags_ppa3/diags/diag_ppa/memtest/src/memTest.o
                0x0435e258                maxPrintouts
                0x0435e218                memtest_data_type_str
                0x0435e238                dsram_buf
                0x0435e25c                user_test_pat
 .data          0x0435e294        0x8 pkt/sw/se/ppa/obj/asg/diags_ppa3/diags/diag_ppa/memtest/src/memMain.o
                0x0435e294                wait_for_more_tests
                0x0435e298                mct_channels
 .data          0x0435e29c        0x4 pkt/sw/se/ppa/obj/asg/diags_ppa3/diags/diag_ppa/memtest/src/local_rd_lat_delay_scan.o
                0x0435e29c                countDown
 .data          0x0435e2a0       0x1c pkt/sw/se/ppa/obj/asg/diags_ppa3/diags/diag_ppa/ppa3_cop/src/ppa3_cop.o
 .data          0x0435e2bc       0x18 pkt/sw/se/ppa/obj/asg/diags_ppa3/diags/diag_ppa/ppa3_cop/src/ppa3_cop_ret_zero.o
 .data          0x0435e2d4       0x18 pkt/sw/se/ppa/obj/asg/diags_ppa3/diags/diag_ppa/ppa3_cop/src/ppa3_cop_ret_one.o
 .data          0x0435e2ec       0x24 pkt/sw/se/ppa/obj/asg/diags_ppa3/diags/diag_ppa/ppa3_cop/src/ppa3_cop_compare.o
 .data          0x0435e310       0x34 pkt/sw/se/ppa/obj/asg/diags_ppa3/diags/diag_ppa/ppa3_cop/src/ppa3_cop_compare_w_mask.o
 .data          0x0435e344       0x24 pkt/sw/se/ppa/obj/asg/diags_ppa3/diags/diag_ppa/ppa3_cop/src/ppa3_cop_compact.o
 .data          0x0435e368       0x44 pkt/sw/se/ppa/obj/asg/diags_ppa3/diags/diag_ppa/ppa3_cop/src/ppa3_cop_compact_hash.o
 .data          0x0435e3ac      0x26c pkt/sw/se/ppa/obj/asg/diags_ppa3/diags/diag_ppa/tcam/src/NL7000.o
 .data          0x0435e618      0x180 pkt/sw/se/ppa/obj/asg/diags_ppa3/diags/diag_ppa/tcam/src/ppa3_nse.o
 .data          0x0435e798       0x88 pkt/sw/se/ppa/obj/asg/diags_ppa3/diags/diag_ppa/tcam/src/Ppa3TCAM.o
 .data          0x0435e820       0x10 pkt/sw/se/ppa/obj/asg/diags_ppa3/diags/diag_ppa/tcam/src/init_ppa3_tcam.o
 .data          0x0435e830       0x70 pkt/sw/se/ppa/obj/asg/diags_ppa3/diags/diag_ppa/tcam/src/ppa3_tcam_memtest.o
 .data          0x0435e8a0       0x14 pkt/sw/se/ppa/obj/asg/diags_ppa3/diags/diag_ppa/tcam/src/ppa3_tcam_compare.o
 .data          0x0435e8b4       0x18 pkt/sw/se/ppa/obj/asg/diags_ppa3/diags/diag_ppa/tcam/src/ppa3_tcam_stress.o
 .data          0x0435e8cc       0x14 pkt/sw/se/ppa/obj/asg/diags_ppa3/diags/diag_ppa/tcam/src/ppa3_tcam_result_bus.o
 .data          0x0435e8e0       0x70 pkt/sw/se/ppa/obj/asg/diags_ppa3/diags/diag_ppa/mailbox/src/ppa3_mailbox_testlib.o
 .data          0x0435e950       0x24 pkt/sw/se/ppa/obj/asg/diags_ppa3/diags/diag_ppa/mailbox/src/ppa3_pvt_mbox_singleEu.o
 .data          0x0435e974       0x34 pkt/sw/se/ppa/obj/asg/diags_ppa3/diags/diag_ppa/mailbox/src/ppa3_gbl_mbox_singleEu.o
 .data          0x0435e9a8       0x48 pkt/sw/se/ppa/obj/asg/diags_ppa3/diags/diag_ppa/mailbox/src/ppa3_gbl_mbox_multiEu.o
 .data          0x0435e9f0       0x30 pkt/sw/se/ppa/obj/asg/diags_ppa3/diags/diag_ppa/mailbox/src/ppa3_pvt_mbox_multiEu.o
 .data          0x0435ea20       0x30 pkt/sw/se/ppa/obj/asg/diags_ppa3/diags/diag_ppa/mailbox/src/ppa3_pvt_mbox_eu_ring.o
 .data          0x0435ea50       0x10 pkt/sw/se/ppa/obj/asg/diags_ppa3/diags/diag_ppa/mailbox/src/ppa3_gbl_mbox_eu_ring.o
 .data          0x0435ea60       0x10 pkt/sw/se/ppa/obj/asg/diags_ppa3/diags/diag_ppa/scl_test/src/sclTest.o
 .data          0x0435ea70       0x14 pkt/sw/se/ppa/obj/asg/diags_ppa3/diags/diag_ppa/scl_test/src/diag_ppa_scl.o
                0x0435ea70                gSizeOfSccBuf
 .data          0x0435ea84       0x1c pkt/sw/se/ppa/obj/asg/diags_ppa3/diags/diag_ppa/access_memtest/src/memAccess/memAccess_priv.o
 .data          0x0435eaa0       0x30 pkt/sw/se/ppa/obj/asg/diags_ppa3/diags/diag_ppa/access_memtest/src/memAccess/memAccessSupport.o
 .data          0x0435ead0      0xff4 pkt/sw/se/ppa/obj/asg/diags_ppa3/diags/diag_ppa/access_memtest/src/memAccess/memAccessTest.o
 .data          0x0435fac4      0x774 pkt/sw/se/ppa/obj/asg/diags_ppa3/diags/diag_ppa/access_memtest/src/memAccess/memAccessIEEE.o
 .data          0x04360238       0x1c pkt/sw/se/ppa/obj/asg/diags_ppa3/diags/diag_ppa/access_memtest/src/ppa30/ddr2_sdram_access.o
 .data          0x04360254       0x8c pkt/sw/se/ppa/obj/asg/diags_ppa3/diags/diag_ppa/access_memtest/src/ppa30/ddr2_sdram_memTests_priv.o
 .data          0x043602e0      0x17c pkt/sw/se/ppa/obj/asg/diags_ppa3/diags/diag_ppa/access_memtest/src/ppa30/ddr2_sdram_memTests.o
 .data          0x0436045c       0x40 pkt/sw/se/ppa/obj/asg/diags_ppa3/diags/diag_ppa/access_memtest/src/ppa30/spad_memTests_priv.o
 .data          0x0436049c      0x11c pkt/sw/se/ppa/obj/asg/diags_ppa3/diags/diag_ppa/access_memtest/src/ppa30/spad_memTests.o
 .data          0x043605b8       0x1c pkt/sw/se/ppa/obj/asg/diags_ppa3/diags/diag_ppa/access_memtest/src/ppa30/qdr2_sram_access.o
 .data          0x043605d4       0x9c pkt/sw/se/ppa/obj/asg/diags_ppa3/diags/diag_ppa/access_memtest/src/ppa30/qdr2_sram_memTests_priv.o
 .data          0x04360670      0x174 pkt/sw/se/ppa/obj/asg/diags_ppa3/diags/diag_ppa/access_memtest/src/ppa30/qdr2_sram_memTests.o
 .data          0x043607e4        0x4 pkt/sw/se/ppa/obj/asg/diags_ppa3/diags/diag_ppa/access_memtest/src/ppa30/dsram_access.o
                0x043607e4                spad_addr
 .data          0x043607e8       0x28 pkt/sw/se/ppa/obj/asg/diags_ppa3/diags/diag_ppa/access_memtest/src/ppa30/dsram_memTests_priv.o
 .data          0x04360810       0x5c pkt/sw/se/ppa/obj/asg/diags_ppa3/diags/diag_ppa/access_memtest/src/ppa30/dsram_memTests.o
 .data          0x0436086c      0x104 pkt/sw/se/ppa/obj/asg/diags_ppa3/diags/diag_ppa/xcb/src/ppa3_dcache_ecc_test.o
                0x0436086c                ECC_CHECK_BITS
                0x0436096c                ppaLdCacheCmdWaitLoop
 .data          0x04360970       0x7c pkt/sw/se/ppa/obj/asg/diags_ppa3/diags/diag_ppa/interrupt/src/inter_eu_test.o
                0x04360970                eu_to_monitor
 .data          0x043609ec      0x204 pkt/sw/se/ppa/obj/asg/diags_ppa3/src/diags_ppa3-version.o
                0x043609f0                bin_version_raw
                0x043609ec                bin_version_common
 .data          0x04360bf0       0x54 pkt/sw/se/ppa/obj/asg/ppa3-libs/src.a(mct_isr.o)
 .data          0x04360c44       0x10 pkt/sw/se/ppa/obj/asg/ppa3-libs/src.a(bit.o)
 .data          0x04360c54       0x38 pkt/sw/se/ppa/obj/asg/ppa3-libs/src.a(ces_state_v3.o)
 .data          0x04360c8c       0x68 pkt/sw/se/ppa/obj/asg/ppa3-libs/src.a(roc_state.o)
 .data          0x04360cf4       0x20 pkt/sw/se/ppa/obj/asg/ppa3-libs/src.a(aam_state.o)
 .data          0x04360d14       0x48 pkt/sw/se/ppa/obj/asg/ppa3-libs/src.a(qus_state.o)
 .data          0x04360d5c        0x4 pkt/sw/se/ppa/obj/asg/ppa3-libs/c.a(rand.o)
 .data          0x04360d60        0x4 pkt/sw/se/ppa/obj/asg/ppa3-libs/c.a(ppa_flock.o)
 .data          0x04360d64       0x30 pkt/sw/se/ppa/obj/asg/ppa3-libs/c.a(localeconv.o)
 .data          0x04360d94        0x4 pkt/sw/se/ppa/obj/asg/ppa3-libs/c.a(strtod.o)
 .data          0x04360d98      0x104 pkt/sw/se/ppa/obj/asg/ppa3-libs/c.a(chartab.o)
                0x04360d98                __ctype
 *fill*         0x04360e9c        0x4